******************************************************************************
                  TI ARM Linker PC v20.2.0                     
******************************************************************************
>> Linked Thu May  7 02:23:49 2020

OUTPUT FILE NAME:   <e_stop.out>
ENTRY POINT SYMBOL: "_c_int00_noargs"  address: 00001909


MEMORY CONFIGURATION

         name            origin    length      used     unused   attr    fill
----------------------  --------  ---------  --------  --------  ----  --------
  FLASH                 00000000   00040000  00001e8a  0003e176  R  X
  SRAM                  20000000   00008000  00000472  00007b8e  RW X


SEGMENT ALLOCATION MAP

run origin  load origin   length   init length attrs members
----------  ----------- ---------- ----------- ----- -------
00000000    00000000    00001e90   00001e90    r-x
  00000000    00000000    0000026c   0000026c    r-- .intvecs
  0000026c    0000026c    000017ea   000017ea    r-x .text
  00001a58    00001a58    00000404   00000404    r-- .const
  00001e60    00001e60    00000030   00000030    r-- .cinit
20000000    20000000    00000476   00000000    rw-
  20000000    20000000    0000026c   00000000    rw- .vtable
  20000270    20000270    00000200   00000000    rw- .stack
  20000470    20000470    00000006   00000000    rw- .data


SECTION ALLOCATION MAP

 output                                  attributes/
section   page    origin      length       input sections
--------  ----  ----------  ----------   ----------------
.intvecs   0    00000000    0000026c     
                  00000000    0000026c     tm4c123gh6pm_startup_ccs.obj (.intvecs)

.text      0    0000026c    000017ea     
                  0000026c    00000d20     main.obj (.text)
                  00000f8c    0000049c     uartstdio.obj (.text)
                  00001428    000000f4     driverlib.lib : sysctl.obj (.text:SysCtlClockSet)
                  0000151c    0000009c     rtsv7M4_T_le_v4SPD16_eabi.lib : memcpy_t2.asm.obj (.text)
                  000015b8    00000068     driverlib.lib : interrupt.obj (.text:IntDisable)
                  00001620    00000068                   : interrupt.obj (.text:IntEnable)
                  00001688    00000068     rtsv7M4_T_le_v4SPD16_eabi.lib : copy_decompress_lzss.c.obj (.text:decompress:lzss:__TI_decompress_lzss)
                  000016f0    00000060     driverlib.lib : timer.obj (.text:TimerConfigure)
                  00001750    0000004c                   : timer.obj (.text:_TimerIntNumberGet)
                  0000179c    00000046                   : uart.obj (.text:UARTConfigSetExpClk)
                  000017e2    00000002                   : interrupt.obj (.text:_IntDefaultHandler)
                  000017e4    00000044     rtsv7M4_T_le_v4SPD16_eabi.lib : autoinit.c.obj (.text:__TI_auto_init_nobinit_nopinit:__TI_auto_init_nobinit_nopinit)
                  00001828    00000040                                   : u_divt2.asm.obj (.text)
                  00001868    00000038     driverlib.lib : sysctl.obj (.text:SysCtlPeripheralPresent)
                  000018a0    00000034                   : interrupt.obj (.text:IntRegister)
                  000018d4    00000034                   : sysctl.obj (.text:SysCtlPeripheralEnable)
                  00001908    00000034     rtsv7M4_T_le_v4SPD16_eabi.lib : boot_cortex_m.c.obj (.text:_c_int00_noargs:_c_int00_noargs)
                  0000193c    00000024     driverlib.lib : interrupt.obj (.text:IntPrioritySet)
                  00001960    00000020                   : uart.obj (.text:UARTDisable)
                  00001980    0000001c     rtsv7M4_T_le_v4SPD16_eabi.lib : copy_zero_init.c.obj (.text:decompress:ZI:__TI_zero_init_nomemset:__TI_zero_init_nomemset)
                  0000199c    00000018     driverlib.lib : timer.obj (.text:TimerIntRegister)
                  000019b4    00000014                   : interrupt.obj (.text:IntUnregister)
                  000019c8    00000014                   : uart.obj (.text:UARTEnable)
                  000019dc    00000012                   : timer.obj (.text:TimerLoadSet)
                  000019ee    0000000e                   : timer.obj (.text:TimerEnable)
                  000019fc    0000000e     rtsv7M4_T_le_v4SPD16_eabi.lib : copy_decompress_none.c.obj (.text:decompress:none:__TI_decompress_none)
                  00001a0a    0000000c     tm4c123gh6pm_startup_ccs.obj (.text)
                  00001a16    0000000a     driverlib.lib : timer.obj (.text:TimerIntDisable)
                  00001a20    0000000a                   : uart.obj (.text:UARTCharGet)
                  00001a2a    0000000a                   : uart.obj (.text:UARTCharPut)
                  00001a34    00000008                   : timer.obj (.text:TimerIntEnable)
                  00001a3c    00000006                   : sysctl.obj (.text:SysCtlDelay)
                  00001a42    00000006                   : uart.obj (.text:UARTClockSourceSet)
                  00001a48    00000004                   : timer.obj (.text:TimerIntClear)
                  00001a4c    00000004     rtsv7M4_T_le_v4SPD16_eabi.lib : pre_init.c.obj (.text:_system_pre_init)
                  00001a50    00000004                                   : exit.c.obj (.text:abort:abort)
                  00001a54    00000002                                   : div0.asm.obj (.text)

.const     0    00001a58    00000404     
                  00001a58    000000d8     main.obj (.const:g_ppui32GPIOIntMapSnowflake)
                  00001b30    000000c0     main.obj (.const:g_ppui32GPIOIntMapBlizzard)
                  00001bf0    0000009c     driverlib.lib : interrupt.obj (.const:g_pui32Regs)
                  00001c8c    00000090     main.obj (.const:g_pui32GPIOBaseAddrs)
                  00001d1c    00000070     driverlib.lib : interrupt.obj (.const)
                  00001d8c    00000060                   : timer.obj (.const:g_ppui32TimerIntMap)
                  00001dec    00000040                   : timer.obj (.const:g_ppui32TimerIntMapSnowflake)
                  00001e2c    00000012     uartstdio.obj (.const:.string)
                  00001e3e    00000002     --HOLE-- [fill = 0]
                  00001e40    0000000c     uartstdio.obj (.const:g_ui32UARTBase)
                  00001e4c    0000000c     uartstdio.obj (.const:g_ui32UARTPeriph)
                  00001e58    00000004     uartstdio.obj (.const)

.cinit     0    00001e60    00000030     
                  00001e60    0000000c     (__TI_handler_table)
                  00001e6c    00000004     --HOLE-- [fill = 0]
                  00001e70    00000008     (.cinit..vtable.load) [load image, compression = zero_init]
                  00001e78    00000007     (.cinit..data.load) [load image, compression = lzss]
                  00001e7f    00000001     --HOLE-- [fill = 0]
                  00001e80    00000010     (__TI_cinit_table)

.init_array 
*          0    00000000    00000000     UNINITIALIZED

.vtable    0    20000000    0000026c     UNINITIALIZED
                  20000000    0000026c     driverlib.lib : interrupt.obj (.vtable)

.data      0    20000470    00000006     UNINITIALIZED
                  20000470    00000005     uartstdio.obj (.data)
                  20000475    00000001     main.obj (.data)

.stack     0    20000270    00000200     UNINITIALIZED
                  20000270    00000004     rtsv7M4_T_le_v4SPD16_eabi.lib : boot_cortex_m.c.obj (.stack)
                  20000274    000001fc     --HOLE--

__llvm_prf_cnts 
*          0    20000000    00000000     UNINITIALIZED

MODULE SUMMARY

       Module                         code   ro data   rw data
       ------                         ----   -------   -------
    .\src\
       main.obj                       3360   552       1      
       uartstdio.obj                  1180   46        5      
       tm4c123gh6pm_startup_ccs.obj   12     620       0      
    +--+------------------------------+------+---------+---------+
       Total:                         4552   1218      6      
                                                              
    C:/ti/TivaWare_C_Series-2.1.4.178/driverlib/ccs/Debug/driverlib.lib
       interrupt.obj                  318    268       620    
       timer.obj                      250    160       0      
       sysctl.obj                     358    0         0      
       uart.obj                       148    0         0      
    +--+------------------------------+------+---------+---------+
       Total:                         1074   428       620    
                                                              
    C:\ti\ccs1000\ccs\tools\compiler\ti-cgt-arm_20.2.0.LTS\lib\rtsv7M4_T_le_v4SPD16_eabi.lib
       memcpy_t2.asm.obj              156    0         0      
       copy_decompress_lzss.c.obj     104    0         0      
       autoinit.c.obj                 68     0         0      
       u_divt2.asm.obj                64     0         0      
       boot_cortex_m.c.obj            52     0         0      
       copy_zero_init.c.obj           28     0         0      
       copy_decompress_none.c.obj     14     0         0      
       exit.c.obj                     4      0         0      
       pre_init.c.obj                 4      0         0      
       div0.asm.obj                   2      0         0      
    +--+------------------------------+------+---------+---------+
       Total:                         496    0         0      
                                                              
       Stack:                         0      0         512    
       Linker Generated:              0      43        0      
    +--+------------------------------+------+---------+---------+
       Grand Total:                   6122   1689      1138   


LINKER GENERATED COPY TABLES

__TI_cinit_table @ 00001e80 records: 2, size/record: 8, table size: 16
	.vtable: load addr=00001e70, load size=00000008 bytes, run addr=20000000, run size=0000026c bytes, compression=zero_init
	.data: load addr=00001e78, load size=00000007 bytes, run addr=20000470, run size=00000006 bytes, compression=lzss


LINKER GENERATED HANDLER TABLE

__TI_handler_table @ 00001e60 records: 3, size/record: 4, table size: 12
	index: 0, handler: __TI_zero_init
	index: 1, handler: __TI_decompress_lzss
	index: 2, handler: __TI_decompress_none


GLOBAL SYMBOLS: SORTED ALPHABETICALLY BY Name 

address   name                          
-------   ----                          
00001a51  C$$EXIT                       
00000dd9  GPIOADCTriggerDisable         
00000dbb  GPIOADCTriggerEnable          
00000d9d  GPIODMATriggerDisable         
00000d7f  GPIODMATriggerEnable          
00000327  GPIODirModeGet                
000002cb  GPIODirModeSet                
0000088f  GPIOIntClear                  
00000853  GPIOIntDisable                
00000839  GPIOIntEnable                 
000008a3  GPIOIntRegister               
000008db  GPIOIntRegisterPin            
0000086d  GPIOIntStatus                 
00000417  GPIOIntTypeGet                
00000373  GPIOIntTypeSet                
000008c1  GPIOIntUnregister             
00000909  GPIOIntUnregisterPin          
000006e7  GPIOPadConfigGet              
000004ad  GPIOPadConfigSet              
00000d21  GPIOPinConfigure              
0000092d  GPIOPinRead                   
00000965  GPIOPinTypeADC                
00000989  GPIOPinTypeCAN                
000009ad  GPIOPinTypeComparator         
000009d1  GPIOPinTypeComparatorOutput   
000009f5  GPIOPinTypeDIVSCLK            
00000a19  GPIOPinTypeEPI                
00000a3d  GPIOPinTypeEthernetLED        
00000a61  GPIOPinTypeEthernetMII        
00000a85  GPIOPinTypeGPIOInput          
00000aa9  GPIOPinTypeGPIOOutput         
00000acd  GPIOPinTypeGPIOOutputOD       
00000af1  GPIOPinTypeHibernateRTCCLK    
00000b15  GPIOPinTypeI2C                
00000b39  GPIOPinTypeI2CSCL             
00000b5d  GPIOPinTypeLCD                
00000b81  GPIOPinTypeOneWire            
00000ba5  GPIOPinTypePWM                
00000bc9  GPIOPinTypeQEI                
00000bed  GPIOPinTypeSSI                
00000c11  GPIOPinTypeTimer              
00000c35  GPIOPinTypeTrace              
00000c59  GPIOPinTypeUART               
00000c7d  GPIOPinTypeUSBAnalog          
00000ca1  GPIOPinTypeUSBDigital         
00000cc5  GPIOPinTypeWakeHigh           
00000ceb  GPIOPinTypeWakeLow            
00000d11  GPIOPinWakeStatus             
00000945  GPIOPinWrite                  
00000e73  Hz_to_counts                  
000015b9  IntDisable                    
00001621  IntEnable                     
0000193d  IntPrioritySet                
000018a1  IntRegister                   
000019b5  IntUnregister                 
00001a0b  ResetISR                      
00001429  SysCtlClockSet                
00001a3d  SysCtlDelay                   
000018d5  SysCtlPeripheralEnable        
00001869  SysCtlPeripheralPresent       
000016f1  TimerConfigure                
000019ef  TimerEnable                   
00001a49  TimerIntClear                 
00001a17  TimerIntDisable               
00001a35  TimerIntEnable                
0000199d  TimerIntRegister              
000019dd  TimerLoadSet                  
00001a21  UARTCharGet                   
00001a2b  UARTCharPut                   
00001a43  UARTClockSourceSet            
0000179d  UARTConfigSetExpClk           
00001961  UARTDisable                   
000019c9  UARTEnable                    
00000f8d  UARTStdioConfig               
000010d3  UARTgetc                      
00001019  UARTgets                      
000013f3  UARTprintf                    
000010f9  UARTvprintf                   
00000fd3  UARTwrite                     
20000470  __STACK_END                   
00000200  __STACK_SIZE                  
20000470  __STACK_TOP                   
00001e80  __TI_CINIT_Base               
00001e90  __TI_CINIT_Limit              
00001e60  __TI_Handler_Table_Base       
00001e6c  __TI_Handler_Table_Limit      
000017e5  __TI_auto_init_nobinit_nopinit
00001689  __TI_decompress_lzss          
000019fd  __TI_decompress_none          
ffffffff  __TI_pprof_out_hndl           
ffffffff  __TI_prof_data_size           
ffffffff  __TI_prof_data_start          
00000000  __TI_static_base__            
00001981  __TI_zero_init_nomemset       
00001a55  __aeabi_idiv0                 
00001a55  __aeabi_ldiv0                 
0000151d  __aeabi_memcpy                
0000151d  __aeabi_memcpy4               
0000151d  __aeabi_memcpy8               
00001829  __aeabi_uidiv                 
00001829  __aeabi_uidivmod              
ffffffff  __binit__                     
ffffffff  __c_args__                    
UNDEFED   __mpu_init                    
20000270  __stack                       
20000000  __start___llvm_prf_cnts       
20000000  __stop___llvm_prf_cnts        
00001909  _c_int00_noargs               
UNDEFED   _system_post_cinit            
00001a4d  _system_pre_init              
00001a51  abort                         
ffffffff  binit                         
00000e33  button_ISR                    
00000df7  configure_UART                
20000000  g_pfnRAMVectors               
00000000  g_pfnVectors                  
00000e85  main                          
0000151d  memcpy                        
00000e55  timer_ISR                     


GLOBAL SYMBOLS: SORTED BY Symbol Address 

address   name                          
-------   ----                          
00000000  __TI_static_base__            
00000000  g_pfnVectors                  
00000200  __STACK_SIZE                  
000002cb  GPIODirModeSet                
00000327  GPIODirModeGet                
00000373  GPIOIntTypeSet                
00000417  GPIOIntTypeGet                
000004ad  GPIOPadConfigSet              
000006e7  GPIOPadConfigGet              
00000839  GPIOIntEnable                 
00000853  GPIOIntDisable                
0000086d  GPIOIntStatus                 
0000088f  GPIOIntClear                  
000008a3  GPIOIntRegister               
000008c1  GPIOIntUnregister             
000008db  GPIOIntRegisterPin            
00000909  GPIOIntUnregisterPin          
0000092d  GPIOPinRead                   
00000945  GPIOPinWrite                  
00000965  GPIOPinTypeADC                
00000989  GPIOPinTypeCAN                
000009ad  GPIOPinTypeComparator         
000009d1  GPIOPinTypeComparatorOutput   
000009f5  GPIOPinTypeDIVSCLK            
00000a19  GPIOPinTypeEPI                
00000a3d  GPIOPinTypeEthernetLED        
00000a61  GPIOPinTypeEthernetMII        
00000a85  GPIOPinTypeGPIOInput          
00000aa9  GPIOPinTypeGPIOOutput         
00000acd  GPIOPinTypeGPIOOutputOD       
00000af1  GPIOPinTypeHibernateRTCCLK    
00000b15  GPIOPinTypeI2C                
00000b39  GPIOPinTypeI2CSCL             
00000b5d  GPIOPinTypeLCD                
00000b81  GPIOPinTypeOneWire            
00000ba5  GPIOPinTypePWM                
00000bc9  GPIOPinTypeQEI                
00000bed  GPIOPinTypeSSI                
00000c11  GPIOPinTypeTimer              
00000c35  GPIOPinTypeTrace              
00000c59  GPIOPinTypeUART               
00000c7d  GPIOPinTypeUSBAnalog          
00000ca1  GPIOPinTypeUSBDigital         
00000cc5  GPIOPinTypeWakeHigh           
00000ceb  GPIOPinTypeWakeLow            
00000d11  GPIOPinWakeStatus             
00000d21  GPIOPinConfigure              
00000d7f  GPIODMATriggerEnable          
00000d9d  GPIODMATriggerDisable         
00000dbb  GPIOADCTriggerEnable          
00000dd9  GPIOADCTriggerDisable         
00000df7  configure_UART                
00000e33  button_ISR                    
00000e55  timer_ISR                     
00000e73  Hz_to_counts                  
00000e85  main                          
00000f8d  UARTStdioConfig               
00000fd3  UARTwrite                     
00001019  UARTgets                      
000010d3  UARTgetc                      
000010f9  UARTvprintf                   
000013f3  UARTprintf                    
00001429  SysCtlClockSet                
0000151d  __aeabi_memcpy                
0000151d  __aeabi_memcpy4               
0000151d  __aeabi_memcpy8               
0000151d  memcpy                        
000015b9  IntDisable                    
00001621  IntEnable                     
00001689  __TI_decompress_lzss          
000016f1  TimerConfigure                
0000179d  UARTConfigSetExpClk           
000017e5  __TI_auto_init_nobinit_nopinit
00001829  __aeabi_uidiv                 
00001829  __aeabi_uidivmod              
00001869  SysCtlPeripheralPresent       
000018a1  IntRegister                   
000018d5  SysCtlPeripheralEnable        
00001909  _c_int00_noargs               
0000193d  IntPrioritySet                
00001961  UARTDisable                   
00001981  __TI_zero_init_nomemset       
0000199d  TimerIntRegister              
000019b5  IntUnregister                 
000019c9  UARTEnable                    
000019dd  TimerLoadSet                  
000019ef  TimerEnable                   
000019fd  __TI_decompress_none          
00001a0b  ResetISR                      
00001a17  TimerIntDisable               
00001a21  UARTCharGet                   
00001a2b  UARTCharPut                   
00001a35  TimerIntEnable                
00001a3d  SysCtlDelay                   
00001a43  UARTClockSourceSet            
00001a49  TimerIntClear                 
00001a4d  _system_pre_init              
00001a51  C$$EXIT                       
00001a51  abort                         
00001a55  __aeabi_idiv0                 
00001a55  __aeabi_ldiv0                 
00001e60  __TI_Handler_Table_Base       
00001e6c  __TI_Handler_Table_Limit      
00001e80  __TI_CINIT_Base               
00001e90  __TI_CINIT_Limit              
20000000  __start___llvm_prf_cnts       
20000000  __stop___llvm_prf_cnts        
20000000  g_pfnRAMVectors               
20000270  __stack                       
20000470  __STACK_END                   
20000470  __STACK_TOP                   
ffffffff  __TI_pprof_out_hndl           
ffffffff  __TI_prof_data_size           
ffffffff  __TI_prof_data_start          
ffffffff  __binit__                     
ffffffff  __c_args__                    
ffffffff  binit                         
UNDEFED   __mpu_init                    
UNDEFED   _system_post_cinit            

[119 symbols]
