<?xml version="1.0" encoding="ISO-8859-1" ?>
<link_info>
   <banner>TI ARM Linker PC v20.2.0.LTS</banner>
   <copyright>Copyright (c) 1996-2018 Texas Instruments Incorporated</copyright>
   <link_time>0x5eb3b785</link_time>
   <link_errors>0x0</link_errors>
   <output_file>e_stop.out</output_file>
   <entry_point>
      <name>_c_int00_noargs</name>
      <address>0x1909</address>
   </entry_point>
   <input_file_list>
      <input_file id="fl-2">
         <path>.\src\</path>
         <kind>object</kind>
         <file>main.obj</file>
         <name>main.obj</name>
      </input_file>
      <input_file id="fl-3">
         <path>.\src\</path>
         <kind>object</kind>
         <file>tm4c123gh6pm_startup_ccs.obj</file>
         <name>tm4c123gh6pm_startup_ccs.obj</name>
      </input_file>
      <input_file id="fl-4">
         <path>.\src\</path>
         <kind>object</kind>
         <file>uartstdio.obj</file>
         <name>uartstdio.obj</name>
      </input_file>
      <input_file id="fl-9">
         <kind>object</kind>
         <file>&lt;internal&gt;</file>
         <name>&lt;internal&gt;</name>
      </input_file>
      <input_file id="fl-bf">
         <path>C:\ti\ccs1000\ccs\tools\compiler\ti-cgt-arm_20.2.0.LTS\lib\</path>
         <kind>archive</kind>
         <file>rtsv7M4_T_le_v4SPD16_eabi.lib</file>
         <name>u_divt2.asm.obj</name>
      </input_file>
      <input_file id="fl-c0">
         <path>C:\ti\ccs1000\ccs\tools\compiler\ti-cgt-arm_20.2.0.LTS\lib\</path>
         <kind>archive</kind>
         <file>rtsv7M4_T_le_v4SPD16_eabi.lib</file>
         <name>copy_zero_init.c.obj</name>
      </input_file>
      <input_file id="fl-c1">
         <path>C:\ti\ccs1000\ccs\tools\compiler\ti-cgt-arm_20.2.0.LTS\lib\</path>
         <kind>archive</kind>
         <file>rtsv7M4_T_le_v4SPD16_eabi.lib</file>
         <name>copy_decompress_none.c.obj</name>
      </input_file>
      <input_file id="fl-c2">
         <path>C:\ti\ccs1000\ccs\tools\compiler\ti-cgt-arm_20.2.0.LTS\lib\</path>
         <kind>archive</kind>
         <file>rtsv7M4_T_le_v4SPD16_eabi.lib</file>
         <name>copy_decompress_lzss.c.obj</name>
      </input_file>
      <input_file id="fl-c3">
         <path>C:\ti\ccs1000\ccs\tools\compiler\ti-cgt-arm_20.2.0.LTS\lib\</path>
         <kind>archive</kind>
         <file>rtsv7M4_T_le_v4SPD16_eabi.lib</file>
         <name>boot_cortex_m.c.obj</name>
      </input_file>
      <input_file id="fl-c4">
         <path>C:\ti\ccs1000\ccs\tools\compiler\ti-cgt-arm_20.2.0.LTS\lib\</path>
         <kind>archive</kind>
         <file>rtsv7M4_T_le_v4SPD16_eabi.lib</file>
         <name>div0.asm.obj</name>
      </input_file>
      <input_file id="fl-c5">
         <path>C:\ti\ccs1000\ccs\tools\compiler\ti-cgt-arm_20.2.0.LTS\lib\</path>
         <kind>archive</kind>
         <file>rtsv7M4_T_le_v4SPD16_eabi.lib</file>
         <name>memcpy_t2.asm.obj</name>
      </input_file>
      <input_file id="fl-c6">
         <path>C:\ti\ccs1000\ccs\tools\compiler\ti-cgt-arm_20.2.0.LTS\lib\</path>
         <kind>archive</kind>
         <file>rtsv7M4_T_le_v4SPD16_eabi.lib</file>
         <name>memset_t2.asm.obj</name>
      </input_file>
      <input_file id="fl-c7">
         <path>C:\ti\ccs1000\ccs\tools\compiler\ti-cgt-arm_20.2.0.LTS\lib\</path>
         <kind>archive</kind>
         <file>rtsv7M4_T_le_v4SPD16_eabi.lib</file>
         <name>autoinit.c.obj</name>
      </input_file>
      <input_file id="fl-c8">
         <path>C:\ti\ccs1000\ccs\tools\compiler\ti-cgt-arm_20.2.0.LTS\lib\</path>
         <kind>archive</kind>
         <file>rtsv7M4_T_le_v4SPD16_eabi.lib</file>
         <name>pre_init.c.obj</name>
      </input_file>
      <input_file id="fl-c9">
         <path>C:\ti\ccs1000\ccs\tools\compiler\ti-cgt-arm_20.2.0.LTS\lib\</path>
         <kind>archive</kind>
         <file>rtsv7M4_T_le_v4SPD16_eabi.lib</file>
         <name>cpy_tbl.c.obj</name>
      </input_file>
      <input_file id="fl-ca">
         <path>C:\ti\ccs1000\ccs\tools\compiler\ti-cgt-arm_20.2.0.LTS\lib\</path>
         <kind>archive</kind>
         <file>rtsv7M4_T_le_v4SPD16_eabi.lib</file>
         <name>exit.c.obj</name>
      </input_file>
      <input_file id="fl-cb">
         <path>C:\ti\ccs1000\ccs\tools\compiler\ti-cgt-arm_20.2.0.LTS\lib\</path>
         <kind>archive</kind>
         <file>rtsv7M4_T_le_v4SPD16_eabi.lib</file>
         <name>_lock.c.obj</name>
      </input_file>
      <input_file id="fl-cc">
         <path>C:\ti\ccs1000\ccs\tools\compiler\ti-cgt-arm_20.2.0.LTS\lib\</path>
         <kind>archive</kind>
         <file>rtsv7M4_T_le_v4SPD16_eabi.lib</file>
         <name>args_main.c.obj</name>
      </input_file>
      <input_file id="fl-cd">
         <path>C:\ti\TivaWare_C_Series-2.1.4.178\driverlib\ccs\Debug\</path>
         <kind>archive</kind>
         <file>driverlib.lib</file>
         <name>interrupt.obj</name>
      </input_file>
      <input_file id="fl-ce">
         <path>C:\ti\TivaWare_C_Series-2.1.4.178\driverlib\ccs\Debug\</path>
         <kind>archive</kind>
         <file>driverlib.lib</file>
         <name>sysctl.obj</name>
      </input_file>
      <input_file id="fl-cf">
         <path>C:\ti\TivaWare_C_Series-2.1.4.178\driverlib\ccs\Debug\</path>
         <kind>archive</kind>
         <file>driverlib.lib</file>
         <name>timer.obj</name>
      </input_file>
      <input_file id="fl-d0">
         <path>C:\ti\TivaWare_C_Series-2.1.4.178\driverlib\ccs\Debug\</path>
         <kind>archive</kind>
         <file>driverlib.lib</file>
         <name>uart.obj</name>
      </input_file>
      <input_file id="fl-d1">
         <path>C:\ti\TivaWare_C_Series-2.1.4.178\driverlib\ccs\Debug\</path>
         <kind>archive</kind>
         <file>driverlib.lib</file>
         <name>cpu.obj</name>
      </input_file>
   </input_file_list>
   <object_component_list>
      <object_component id="oc-12">
         <name>.intvecs</name>
         <load_address>0x0</load_address>
         <run_address>0x0</run_address>
         <size>0x26c</size>
         <input_file_ref idref="fl-3"/>
      </object_component>
      <object_component id="oc-9b">
         <name>.text</name>
         <load_address>0x26c</load_address>
         <run_address>0x26c</run_address>
         <size>0xd20</size>
         <input_file_ref idref="fl-2"/>
      </object_component>
      <object_component id="oc-f2">
         <name>.text</name>
         <load_address>0xf8c</load_address>
         <run_address>0xf8c</run_address>
         <size>0x49c</size>
         <input_file_ref idref="fl-4"/>
      </object_component>
      <object_component id="oc-fe">
         <name>.text:SysCtlClockSet</name>
         <load_address>0x1428</load_address>
         <run_address>0x1428</run_address>
         <size>0xf4</size>
         <input_file_ref idref="fl-ce"/>
      </object_component>
      <object_component id="oc-3b">
         <name>.text</name>
         <load_address>0x151c</load_address>
         <run_address>0x151c</run_address>
         <size>0x9c</size>
         <input_file_ref idref="fl-c5"/>
      </object_component>
      <object_component id="oc-da">
         <name>.text:IntDisable</name>
         <load_address>0x15b8</load_address>
         <run_address>0x15b8</run_address>
         <size>0x68</size>
         <input_file_ref idref="fl-cd"/>
      </object_component>
      <object_component id="oc-d4">
         <name>.text:IntEnable</name>
         <load_address>0x1620</load_address>
         <run_address>0x1620</run_address>
         <size>0x68</size>
         <input_file_ref idref="fl-cd"/>
      </object_component>
      <object_component id="oc-15">
         <name>.text:decompress:lzss:__TI_decompress_lzss</name>
         <load_address>0x1688</load_address>
         <run_address>0x1688</run_address>
         <size>0x68</size>
         <input_file_ref idref="fl-c2"/>
      </object_component>
      <object_component id="oc-10b">
         <name>.text:TimerConfigure</name>
         <load_address>0x16f0</load_address>
         <run_address>0x16f0</run_address>
         <size>0x60</size>
         <input_file_ref idref="fl-cf"/>
      </object_component>
      <object_component id="oc-1da">
         <name>.text:_TimerIntNumberGet</name>
         <load_address>0x1750</load_address>
         <run_address>0x1750</run_address>
         <size>0x4c</size>
         <input_file_ref idref="fl-cf"/>
      </object_component>
      <object_component id="oc-19f">
         <name>.text:UARTConfigSetExpClk</name>
         <load_address>0x179c</load_address>
         <run_address>0x179c</run_address>
         <size>0x46</size>
         <input_file_ref idref="fl-d0"/>
      </object_component>
      <object_component id="oc-18e">
         <name>.text:_IntDefaultHandler</name>
         <load_address>0x17e2</load_address>
         <run_address>0x17e2</run_address>
         <size>0x2</size>
         <input_file_ref idref="fl-cd"/>
      </object_component>
      <object_component id="oc-147">
         <name>.text:__TI_auto_init_nobinit_nopinit:__TI_auto_init_nobinit_nopinit</name>
         <load_address>0x17e4</load_address>
         <run_address>0x17e4</run_address>
         <size>0x44</size>
         <input_file_ref idref="fl-c7"/>
      </object_component>
      <object_component id="oc-1c0">
         <name>.text</name>
         <load_address>0x1828</load_address>
         <run_address>0x1828</run_address>
         <size>0x40</size>
         <input_file_ref idref="fl-bf"/>
      </object_component>
      <object_component id="oc-199">
         <name>.text:SysCtlPeripheralPresent</name>
         <load_address>0x1868</load_address>
         <run_address>0x1868</run_address>
         <size>0x38</size>
         <input_file_ref idref="fl-ce"/>
      </object_component>
      <object_component id="oc-ce">
         <name>.text:IntRegister</name>
         <load_address>0x18a0</load_address>
         <run_address>0x18a0</run_address>
         <size>0x34</size>
         <input_file_ref idref="fl-cd"/>
      </object_component>
      <object_component id="oc-e6">
         <name>.text:SysCtlPeripheralEnable</name>
         <load_address>0x18d4</load_address>
         <run_address>0x18d4</run_address>
         <size>0x34</size>
         <input_file_ref idref="fl-ce"/>
      </object_component>
      <object_component id="oc-59">
         <name>.text:_c_int00_noargs:_c_int00_noargs</name>
         <load_address>0x1908</load_address>
         <run_address>0x1908</run_address>
         <size>0x34</size>
         <input_file_ref idref="fl-c3"/>
      </object_component>
      <object_component id="oc-105">
         <name>.text:IntPrioritySet</name>
         <load_address>0x193c</load_address>
         <run_address>0x193c</run_address>
         <size>0x24</size>
         <input_file_ref idref="fl-cd"/>
      </object_component>
      <object_component id="oc-217">
         <name>.text:UARTDisable</name>
         <load_address>0x1960</load_address>
         <run_address>0x1960</run_address>
         <size>0x20</size>
         <input_file_ref idref="fl-d0"/>
      </object_component>
      <object_component id="oc-47">
         <name>.text:decompress:ZI:__TI_zero_init_nomemset:__TI_zero_init_nomemset</name>
         <load_address>0x1980</load_address>
         <run_address>0x1980</run_address>
         <size>0x1c</size>
         <input_file_ref idref="fl-c0"/>
      </object_component>
      <object_component id="oc-123">
         <name>.text:TimerIntRegister</name>
         <load_address>0x199c</load_address>
         <run_address>0x199c</run_address>
         <size>0x18</size>
         <input_file_ref idref="fl-cf"/>
      </object_component>
      <object_component id="oc-e0">
         <name>.text:IntUnregister</name>
         <load_address>0x19b4</load_address>
         <run_address>0x19b4</run_address>
         <size>0x14</size>
         <input_file_ref idref="fl-cd"/>
      </object_component>
      <object_component id="oc-1a5">
         <name>.text:UARTEnable</name>
         <load_address>0x19c8</load_address>
         <run_address>0x19c8</run_address>
         <size>0x14</size>
         <input_file_ref idref="fl-d0"/>
      </object_component>
      <object_component id="oc-111">
         <name>.text:TimerLoadSet</name>
         <load_address>0x19dc</load_address>
         <run_address>0x19dc</run_address>
         <size>0x12</size>
         <input_file_ref idref="fl-cf"/>
      </object_component>
      <object_component id="oc-117">
         <name>.text:TimerEnable</name>
         <load_address>0x19ee</load_address>
         <run_address>0x19ee</run_address>
         <size>0xe</size>
         <input_file_ref idref="fl-cf"/>
      </object_component>
      <object_component id="oc-1b">
         <name>.text:decompress:none:__TI_decompress_none</name>
         <load_address>0x19fc</load_address>
         <run_address>0x19fc</run_address>
         <size>0xe</size>
         <input_file_ref idref="fl-c1"/>
      </object_component>
      <object_component id="oc-27">
         <name>.text</name>
         <load_address>0x1a0a</load_address>
         <run_address>0x1a0a</run_address>
         <size>0xc</size>
         <input_file_ref idref="fl-3"/>
      </object_component>
      <object_component id="oc-11d">
         <name>.text:TimerIntDisable</name>
         <load_address>0x1a16</load_address>
         <run_address>0x1a16</run_address>
         <size>0xa</size>
         <input_file_ref idref="fl-cf"/>
      </object_component>
      <object_component id="oc-1b1">
         <name>.text:UARTCharGet</name>
         <load_address>0x1a20</load_address>
         <run_address>0x1a20</run_address>
         <size>0xa</size>
         <input_file_ref idref="fl-d0"/>
      </object_component>
      <object_component id="oc-1ab">
         <name>.text:UARTCharPut</name>
         <load_address>0x1a2a</load_address>
         <run_address>0x1a2a</run_address>
         <size>0xa</size>
         <input_file_ref idref="fl-d0"/>
      </object_component>
      <object_component id="oc-129">
         <name>.text:TimerIntEnable</name>
         <load_address>0x1a34</load_address>
         <run_address>0x1a34</run_address>
         <size>0x8</size>
         <input_file_ref idref="fl-cf"/>
      </object_component>
      <object_component id="oc-104">
         <name>.text:SysCtlDelay</name>
         <load_address>0x1a3c</load_address>
         <run_address>0x1a3c</run_address>
         <size>0x6</size>
         <input_file_ref idref="fl-ce"/>
      </object_component>
      <object_component id="oc-ec">
         <name>.text:UARTClockSourceSet</name>
         <load_address>0x1a42</load_address>
         <run_address>0x1a42</run_address>
         <size>0x6</size>
         <input_file_ref idref="fl-d0"/>
      </object_component>
      <object_component id="oc-f8">
         <name>.text:TimerIntClear</name>
         <load_address>0x1a48</load_address>
         <run_address>0x1a48</run_address>
         <size>0x4</size>
         <input_file_ref idref="fl-cf"/>
      </object_component>
      <object_component id="oc-95">
         <name>.text:_system_pre_init</name>
         <load_address>0x1a4c</load_address>
         <run_address>0x1a4c</run_address>
         <size>0x4</size>
         <input_file_ref idref="fl-c8"/>
      </object_component>
      <object_component id="oc-13b">
         <name>.text:abort:abort</name>
         <load_address>0x1a50</load_address>
         <run_address>0x1a50</run_address>
         <size>0x4</size>
         <input_file_ref idref="fl-ca"/>
      </object_component>
      <object_component id="oc-227">
         <name>.text</name>
         <load_address>0x1a54</load_address>
         <run_address>0x1a54</run_address>
         <size>0x2</size>
         <input_file_ref idref="fl-c4"/>
      </object_component>
      <object_component id="oc-cb">
         <name>.const:g_ppui32GPIOIntMapSnowflake</name>
         <load_address>0x1a58</load_address>
         <run_address>0x1a58</run_address>
         <size>0xd8</size>
         <input_file_ref idref="fl-2"/>
      </object_component>
      <object_component id="oc-c8">
         <name>.const:g_ppui32GPIOIntMapBlizzard</name>
         <load_address>0x1b30</load_address>
         <run_address>0x1b30</run_address>
         <size>0xc0</size>
         <input_file_ref idref="fl-2"/>
      </object_component>
      <object_component id="oc-1d2">
         <name>.const:g_pui32Regs</name>
         <load_address>0x1bf0</load_address>
         <run_address>0x1bf0</run_address>
         <size>0x9c</size>
         <input_file_ref idref="fl-cd"/>
      </object_component>
      <object_component id="oc-12f">
         <name>.const:g_pui32GPIOBaseAddrs</name>
         <load_address>0x1c8c</load_address>
         <run_address>0x1c8c</run_address>
         <size>0x90</size>
         <input_file_ref idref="fl-2"/>
      </object_component>
      <object_component id="oc-189">
         <name>.const</name>
         <load_address>0x1d1c</load_address>
         <run_address>0x1d1c</run_address>
         <size>0x70</size>
         <input_file_ref idref="fl-cd"/>
      </object_component>
      <object_component id="oc-236">
         <name>.const:g_ppui32TimerIntMap</name>
         <load_address>0x1d8c</load_address>
         <run_address>0x1d8c</run_address>
         <size>0x60</size>
         <input_file_ref idref="fl-cf"/>
      </object_component>
      <object_component id="oc-239">
         <name>.const:g_ppui32TimerIntMapSnowflake</name>
         <load_address>0x1dec</load_address>
         <run_address>0x1dec</run_address>
         <size>0x40</size>
         <input_file_ref idref="fl-cf"/>
      </object_component>
      <object_component id="oc-22d">
         <name>.const:.string</name>
         <load_address>0x1e2c</load_address>
         <run_address>0x1e2c</run_address>
         <size>0x12</size>
         <input_file_ref idref="fl-4"/>
      </object_component>
      <object_component id="oc-1bd">
         <name>.const:g_ui32UARTBase</name>
         <load_address>0x1e40</load_address>
         <run_address>0x1e40</run_address>
         <size>0xc</size>
         <input_file_ref idref="fl-4"/>
      </object_component>
      <object_component id="oc-1b7">
         <name>.const:g_ui32UARTPeriph</name>
         <load_address>0x1e4c</load_address>
         <run_address>0x1e4c</run_address>
         <size>0xc</size>
         <input_file_ref idref="fl-4"/>
      </object_component>
      <object_component id="oc-1c5">
         <name>.const</name>
         <load_address>0x1e58</load_address>
         <run_address>0x1e58</run_address>
         <size>0x4</size>
         <input_file_ref idref="fl-4"/>
      </object_component>
      <object_component id="oc-29c">
         <name>__TI_handler_table</name>
         <load_address>0x1e60</load_address>
         <run_address>0x1e60</run_address>
         <size>0xc</size>
      </object_component>
      <object_component id="oc-29e">
         <name>.cinit..vtable.load</name>
         <load_address>0x1e70</load_address>
         <run_address>0x1e70</run_address>
         <size>0x8</size>
      </object_component>
      <object_component id="oc-29f">
         <name>.cinit..data.load</name>
         <load_address>0x1e78</load_address>
         <run_address>0x1e78</run_address>
         <size>0x7</size>
      </object_component>
      <object_component id="oc-29d">
         <name>__TI_cinit_table</name>
         <load_address>0x1e80</load_address>
         <run_address>0x1e80</run_address>
         <size>0x10</size>
      </object_component>
      <object_component id="oc-17f">
         <name>.vtable</name>
         <uninitialized>true</uninitialized>
         <run_address>0x20000000</run_address>
         <size>0x26c</size>
         <input_file_ref idref="fl-cd"/>
      </object_component>
      <object_component id="oc-132">
         <name>.data</name>
         <load_address>0x20000475</load_address>
         <run_address>0x20000475</run_address>
         <size>0x1</size>
         <input_file_ref idref="fl-2"/>
      </object_component>
      <object_component id="oc-1ba">
         <name>.data</name>
         <load_address>0x20000470</load_address>
         <run_address>0x20000470</run_address>
         <size>0x5</size>
         <input_file_ref idref="fl-4"/>
      </object_component>
      <object_component id="oc-24">
         <name>.stack</name>
         <uninitialized>true</uninitialized>
         <run_address>0x20000270</run_address>
         <size>0x4</size>
         <input_file_ref idref="fl-c3"/>
      </object_component>
      <object_component id="oc-2a1">
         <name>.stack</name>
         <uninitialized>true</uninitialized>
         <run_address>0x20000270</run_address>
         <size>0x0</size>
      </object_component>
      <object_component id="oc-b7">
         <name>.debug_info</name>
         <load_address>0x0</load_address>
         <run_address>0x0</run_address>
         <size>0x602</size>
         <input_file_ref idref="fl-2"/>
      </object_component>
      <object_component id="oc-c9">
         <name>.debug_info</name>
         <load_address>0x602</load_address>
         <run_address>0x602</run_address>
         <size>0xf0</size>
         <input_file_ref idref="fl-2"/>
      </object_component>
      <object_component id="oc-cc">
         <name>.debug_info</name>
         <load_address>0x6f2</load_address>
         <run_address>0x6f2</run_address>
         <size>0xf2</size>
         <input_file_ref idref="fl-2"/>
      </object_component>
      <object_component id="oc-130">
         <name>.debug_info</name>
         <load_address>0x7e4</load_address>
         <run_address>0x7e4</run_address>
         <size>0xe4</size>
         <input_file_ref idref="fl-2"/>
      </object_component>
      <object_component id="oc-133">
         <name>.debug_info</name>
         <load_address>0x8c8</load_address>
         <run_address>0x8c8</run_address>
         <size>0xc4</size>
         <input_file_ref idref="fl-2"/>
      </object_component>
      <object_component id="oc-9e">
         <name>.debug_info</name>
         <load_address>0x98c</load_address>
         <run_address>0x98c</run_address>
         <size>0x41b3</size>
         <input_file_ref idref="fl-2"/>
      </object_component>
      <object_component id="oc-70">
         <name>.debug_info</name>
         <load_address>0x4b3f</load_address>
         <run_address>0x4b3f</run_address>
         <size>0x26b</size>
         <input_file_ref idref="fl-2"/>
      </object_component>
      <object_component id="oc-b2">
         <name>.debug_info</name>
         <load_address>0x4daa</load_address>
         <run_address>0x4daa</run_address>
         <size>0x8b</size>
         <input_file_ref idref="fl-2"/>
      </object_component>
      <object_component id="oc-ad">
         <name>.debug_info</name>
         <load_address>0x4e35</load_address>
         <run_address>0x4e35</run_address>
         <size>0x2a4</size>
         <input_file_ref idref="fl-2"/>
      </object_component>
      <object_component id="oc-136">
         <name>.debug_info</name>
         <load_address>0x50d9</load_address>
         <run_address>0x50d9</run_address>
         <size>0xef</size>
         <input_file_ref idref="fl-2"/>
      </object_component>
      <object_component id="oc-75">
         <name>.debug_info</name>
         <load_address>0x51c8</load_address>
         <run_address>0x51c8</run_address>
         <size>0xbb</size>
         <input_file_ref idref="fl-2"/>
      </object_component>
      <object_component id="oc-1ca">
         <name>.debug_info</name>
         <load_address>0x5283</load_address>
         <run_address>0x5283</run_address>
         <size>0x2c</size>
         <input_file_ref idref="fl-2"/>
      </object_component>
      <object_component id="oc-2f">
         <name>.debug_info</name>
         <load_address>0x52af</load_address>
         <run_address>0x52af</run_address>
         <size>0x2aa</size>
         <input_file_ref idref="fl-3"/>
      </object_component>
      <object_component id="oc-13">
         <name>.debug_info</name>
         <load_address>0x5559</load_address>
         <run_address>0x5559</run_address>
         <size>0xe9</size>
         <input_file_ref idref="fl-3"/>
      </object_component>
      <object_component id="oc-28">
         <name>.debug_info</name>
         <load_address>0x5642</load_address>
         <run_address>0x5642</run_address>
         <size>0x285</size>
         <input_file_ref idref="fl-3"/>
      </object_component>
      <object_component id="oc-36">
         <name>.debug_info</name>
         <load_address>0x58c7</load_address>
         <run_address>0x58c7</run_address>
         <size>0x84</size>
         <input_file_ref idref="fl-3"/>
      </object_component>
      <object_component id="oc-1c9">
         <name>.debug_info</name>
         <load_address>0x594b</load_address>
         <run_address>0x594b</run_address>
         <size>0x3ff</size>
         <input_file_ref idref="fl-4"/>
      </object_component>
      <object_component id="oc-1bb">
         <name>.debug_info</name>
         <load_address>0x5d4a</load_address>
         <run_address>0x5d4a</run_address>
         <size>0xf6</size>
         <input_file_ref idref="fl-4"/>
      </object_component>
      <object_component id="oc-1c6">
         <name>.debug_info</name>
         <load_address>0x5e40</load_address>
         <run_address>0x5e40</run_address>
         <size>0xf0</size>
         <input_file_ref idref="fl-4"/>
      </object_component>
      <object_component id="oc-1be">
         <name>.debug_info</name>
         <load_address>0x5f30</load_address>
         <run_address>0x5f30</run_address>
         <size>0xfe</size>
         <input_file_ref idref="fl-4"/>
      </object_component>
      <object_component id="oc-1b8">
         <name>.debug_info</name>
         <load_address>0x602e</load_address>
         <run_address>0x602e</run_address>
         <size>0x102</size>
         <input_file_ref idref="fl-4"/>
      </object_component>
      <object_component id="oc-f6">
         <name>.debug_info</name>
         <load_address>0x6130</load_address>
         <run_address>0x6130</run_address>
         <size>0x95b</size>
         <input_file_ref idref="fl-4"/>
      </object_component>
      <object_component id="oc-1c3">
         <name>.debug_info</name>
         <load_address>0x6a8b</load_address>
         <run_address>0x6a8b</run_address>
         <size>0x142</size>
         <input_file_ref idref="fl-bf"/>
      </object_component>
      <object_component id="oc-8e">
         <name>.debug_info</name>
         <load_address>0x6bcd</load_address>
         <run_address>0x6bcd</run_address>
         <size>0x2d4</size>
         <input_file_ref idref="fl-c0"/>
      </object_component>
      <object_component id="oc-49">
         <name>.debug_info</name>
         <load_address>0x6ea1</load_address>
         <run_address>0x6ea1</run_address>
         <size>0x1d2</size>
         <input_file_ref idref="fl-c0"/>
      </object_component>
      <object_component id="oc-89">
         <name>.debug_info</name>
         <load_address>0x7073</load_address>
         <run_address>0x7073</run_address>
         <size>0x46</size>
         <input_file_ref idref="fl-c0"/>
      </object_component>
      <object_component id="oc-bf">
         <name>.debug_info</name>
         <load_address>0x70b9</load_address>
         <run_address>0x70b9</run_address>
         <size>0x2c</size>
         <input_file_ref idref="fl-c0"/>
      </object_component>
      <object_component id="oc-46">
         <name>.debug_info</name>
         <load_address>0x70e5</load_address>
         <run_address>0x70e5</run_address>
         <size>0x2a8</size>
         <input_file_ref idref="fl-c1"/>
      </object_component>
      <object_component id="oc-1f">
         <name>.debug_info</name>
         <load_address>0x738d</load_address>
         <run_address>0x738d</run_address>
         <size>0x1ea</size>
         <input_file_ref idref="fl-c1"/>
      </object_component>
      <object_component id="oc-41">
         <name>.debug_info</name>
         <load_address>0x7577</load_address>
         <run_address>0x7577</run_address>
         <size>0x46</size>
         <input_file_ref idref="fl-c1"/>
      </object_component>
      <object_component id="oc-81">
         <name>.debug_info</name>
         <load_address>0x75bd</load_address>
         <run_address>0x75bd</run_address>
         <size>0x2c</size>
         <input_file_ref idref="fl-c1"/>
      </object_component>
      <object_component id="oc-7f">
         <name>.debug_info</name>
         <load_address>0x75e9</load_address>
         <run_address>0x75e9</run_address>
         <size>0x29e</size>
         <input_file_ref idref="fl-c2"/>
      </object_component>
      <object_component id="oc-17">
         <name>.debug_info</name>
         <load_address>0x7887</load_address>
         <run_address>0x7887</run_address>
         <size>0x250</size>
         <input_file_ref idref="fl-c2"/>
      </object_component>
      <object_component id="oc-31">
         <name>.debug_info</name>
         <load_address>0x7ad7</load_address>
         <run_address>0x7ad7</run_address>
         <size>0x60</size>
         <input_file_ref idref="fl-c2"/>
      </object_component>
      <object_component id="oc-b8">
         <name>.debug_info</name>
         <load_address>0x7b37</load_address>
         <run_address>0x7b37</run_address>
         <size>0x46</size>
         <input_file_ref idref="fl-c2"/>
      </object_component>
      <object_component id="oc-7a">
         <name>.debug_info</name>
         <load_address>0x7b7d</load_address>
         <run_address>0x7b7d</run_address>
         <size>0x39</size>
         <input_file_ref idref="fl-c2"/>
      </object_component>
      <object_component id="oc-25">
         <name>.debug_info</name>
         <load_address>0x7bb6</load_address>
         <run_address>0x7bb6</run_address>
         <size>0x10b</size>
         <input_file_ref idref="fl-c3"/>
      </object_component>
      <object_component id="oc-5c">
         <name>.debug_info</name>
         <load_address>0x7cc1</load_address>
         <run_address>0x7cc1</run_address>
         <size>0x1a9</size>
         <input_file_ref idref="fl-c3"/>
      </object_component>
      <object_component id="oc-228">
         <name>.debug_info</name>
         <load_address>0x7e6a</load_address>
         <run_address>0x7e6a</run_address>
         <size>0x115</size>
         <input_file_ref idref="fl-c4"/>
      </object_component>
      <object_component id="oc-3e">
         <name>.debug_info</name>
         <load_address>0x7f7f</load_address>
         <run_address>0x7f7f</run_address>
         <size>0x119</size>
         <input_file_ref idref="fl-c5"/>
      </object_component>
      <object_component id="oc-1f1">
         <name>.debug_info</name>
         <load_address>0x8098</load_address>
         <run_address>0x8098</run_address>
         <size>0x4b3</size>
         <input_file_ref idref="fl-c7"/>
      </object_component>
      <object_component id="oc-14a">
         <name>.debug_info</name>
         <load_address>0x854b</load_address>
         <run_address>0x854b</run_address>
         <size>0x1a6</size>
         <input_file_ref idref="fl-c7"/>
      </object_component>
      <object_component id="oc-24d">
         <name>.debug_info</name>
         <load_address>0x86f1</load_address>
         <run_address>0x86f1</run_address>
         <size>0x39</size>
         <input_file_ref idref="fl-c7"/>
      </object_component>
      <object_component id="oc-267">
         <name>.debug_info</name>
         <load_address>0x872a</load_address>
         <run_address>0x872a</run_address>
         <size>0x39</size>
         <input_file_ref idref="fl-c7"/>
      </object_component>
      <object_component id="oc-252">
         <name>.debug_info</name>
         <load_address>0x8763</load_address>
         <run_address>0x8763</run_address>
         <size>0x39</size>
         <input_file_ref idref="fl-c7"/>
      </object_component>
      <object_component id="oc-257">
         <name>.debug_info</name>
         <load_address>0x879c</load_address>
         <run_address>0x879c</run_address>
         <size>0xcd</size>
         <input_file_ref idref="fl-c7"/>
      </object_component>
      <object_component id="oc-96">
         <name>.debug_info</name>
         <load_address>0x8869</load_address>
         <run_address>0x8869</run_address>
         <size>0x153</size>
         <input_file_ref idref="fl-c8"/>
      </object_component>
      <object_component id="oc-13c">
         <name>.debug_info</name>
         <load_address>0x89bc</load_address>
         <run_address>0x89bc</run_address>
         <size>0x122</size>
         <input_file_ref idref="fl-ca"/>
      </object_component>
      <object_component id="oc-188">
         <name>.debug_info</name>
         <load_address>0x8ade</load_address>
         <run_address>0x8ade</run_address>
         <size>0x20e</size>
         <input_file_ref idref="fl-cd"/>
      </object_component>
      <object_component id="oc-18a">
         <name>.debug_info</name>
         <load_address>0x8cec</load_address>
         <run_address>0x8cec</run_address>
         <size>0x210</size>
         <input_file_ref idref="fl-cd"/>
      </object_component>
      <object_component id="oc-1d3">
         <name>.debug_info</name>
         <load_address>0x8efc</load_address>
         <run_address>0x8efc</run_address>
         <size>0x14e</size>
         <input_file_ref idref="fl-cd"/>
      </object_component>
      <object_component id="oc-180">
         <name>.debug_info</name>
         <load_address>0x904a</load_address>
         <run_address>0x904a</run_address>
         <size>0x157</size>
         <input_file_ref idref="fl-cd"/>
      </object_component>
      <object_component id="oc-18f">
         <name>.debug_info</name>
         <load_address>0x91a1</load_address>
         <run_address>0x91a1</run_address>
         <size>0x225</size>
         <input_file_ref idref="fl-cd"/>
      </object_component>
      <object_component id="oc-e1">
         <name>.debug_info</name>
         <load_address>0x93c6</load_address>
         <run_address>0x93c6</run_address>
         <size>0x270</size>
         <input_file_ref idref="fl-cd"/>
      </object_component>
      <object_component id="oc-cf">
         <name>.debug_info</name>
         <load_address>0x9636</load_address>
         <run_address>0x9636</run_address>
         <size>0x2c1</size>
         <input_file_ref idref="fl-cd"/>
      </object_component>
      <object_component id="oc-106">
         <name>.debug_info</name>
         <load_address>0x98f7</load_address>
         <run_address>0x98f7</run_address>
         <size>0x2c9</size>
         <input_file_ref idref="fl-cd"/>
      </object_component>
      <object_component id="oc-d8">
         <name>.debug_info</name>
         <load_address>0x9bc0</load_address>
         <run_address>0x9bc0</run_address>
         <size>0x268</size>
         <input_file_ref idref="fl-cd"/>
      </object_component>
      <object_component id="oc-dd">
         <name>.debug_info</name>
         <load_address>0x9e28</load_address>
         <run_address>0x9e28</run_address>
         <size>0x26a</size>
         <input_file_ref idref="fl-cd"/>
      </object_component>
      <object_component id="oc-183">
         <name>.debug_info</name>
         <load_address>0xa092</load_address>
         <run_address>0xa092</run_address>
         <size>0x18b</size>
         <input_file_ref idref="fl-cd"/>
      </object_component>
      <object_component id="oc-196">
         <name>.debug_info</name>
         <load_address>0xa21d</load_address>
         <run_address>0xa21d</run_address>
         <size>0x298</size>
         <input_file_ref idref="fl-ce"/>
      </object_component>
      <object_component id="oc-19a">
         <name>.debug_info</name>
         <load_address>0xa4b5</load_address>
         <run_address>0xa4b5</run_address>
         <size>0x283</size>
         <input_file_ref idref="fl-ce"/>
      </object_component>
      <object_component id="oc-e7">
         <name>.debug_info</name>
         <load_address>0xa738</load_address>
         <run_address>0xa738</run_address>
         <size>0x27d</size>
         <input_file_ref idref="fl-ce"/>
      </object_component>
      <object_component id="oc-ff">
         <name>.debug_info</name>
         <load_address>0xa9b5</load_address>
         <run_address>0xa9b5</run_address>
         <size>0x2db</size>
         <input_file_ref idref="fl-ce"/>
      </object_component>
      <object_component id="oc-20f">
         <name>.debug_info</name>
         <load_address>0xac90</load_address>
         <run_address>0xac90</run_address>
         <size>0x5f</size>
         <input_file_ref idref="fl-ce"/>
      </object_component>
      <object_component id="oc-1d0">
         <name>.debug_info</name>
         <load_address>0xacef</load_address>
         <run_address>0xacef</run_address>
         <size>0x223</size>
         <input_file_ref idref="fl-cf"/>
      </object_component>
      <object_component id="oc-237">
         <name>.debug_info</name>
         <load_address>0xaf12</load_address>
         <run_address>0xaf12</run_address>
         <size>0x15a</size>
         <input_file_ref idref="fl-cf"/>
      </object_component>
      <object_component id="oc-23a">
         <name>.debug_info</name>
         <load_address>0xb06c</load_address>
         <run_address>0xb06c</run_address>
         <size>0x16c</size>
         <input_file_ref idref="fl-cf"/>
      </object_component>
      <object_component id="oc-112">
         <name>.debug_info</name>
         <load_address>0xb1d8</load_address>
         <run_address>0xb1d8</run_address>
         <size>0x2ba</size>
         <input_file_ref idref="fl-cf"/>
      </object_component>
      <object_component id="oc-1db">
         <name>.debug_info</name>
         <load_address>0xb492</load_address>
         <run_address>0xb492</run_address>
         <size>0x2eb</size>
         <input_file_ref idref="fl-cf"/>
      </object_component>
      <object_component id="oc-124">
         <name>.debug_info</name>
         <load_address>0xb77d</load_address>
         <run_address>0xb77d</run_address>
         <size>0x2e4</size>
         <input_file_ref idref="fl-cf"/>
      </object_component>
      <object_component id="oc-12a">
         <name>.debug_info</name>
         <load_address>0xba61</load_address>
         <run_address>0xba61</run_address>
         <size>0x294</size>
         <input_file_ref idref="fl-cf"/>
      </object_component>
      <object_component id="oc-11e">
         <name>.debug_info</name>
         <load_address>0xbcf5</load_address>
         <run_address>0xbcf5</run_address>
         <size>0x296</size>
         <input_file_ref idref="fl-cf"/>
      </object_component>
      <object_component id="oc-f9">
         <name>.debug_info</name>
         <load_address>0xbf8b</load_address>
         <run_address>0xbf8b</run_address>
         <size>0x292</size>
         <input_file_ref idref="fl-cf"/>
      </object_component>
      <object_component id="oc-119">
         <name>.debug_info</name>
         <load_address>0xc21d</load_address>
         <run_address>0xc21d</run_address>
         <size>0x27f</size>
         <input_file_ref idref="fl-cf"/>
      </object_component>
      <object_component id="oc-10d">
         <name>.debug_info</name>
         <load_address>0xc49c</load_address>
         <run_address>0xc49c</run_address>
         <size>0x28c</size>
         <input_file_ref idref="fl-cf"/>
      </object_component>
      <object_component id="oc-198">
         <name>.debug_info</name>
         <load_address>0xc728</load_address>
         <run_address>0xc728</run_address>
         <size>0x227</size>
         <input_file_ref idref="fl-d0"/>
      </object_component>
      <object_component id="oc-1a7">
         <name>.debug_info</name>
         <load_address>0xc94f</load_address>
         <run_address>0xc94f</run_address>
         <size>0x247</size>
         <input_file_ref idref="fl-d0"/>
      </object_component>
      <object_component id="oc-219">
         <name>.debug_info</name>
         <load_address>0xcb96</load_address>
         <run_address>0xcb96</run_address>
         <size>0x249</size>
         <input_file_ref idref="fl-d0"/>
      </object_component>
      <object_component id="oc-1a1">
         <name>.debug_info</name>
         <load_address>0xcddf</load_address>
         <run_address>0xcddf</run_address>
         <size>0x326</size>
         <input_file_ref idref="fl-d0"/>
      </object_component>
      <object_component id="oc-ed">
         <name>.debug_info</name>
         <load_address>0xd105</load_address>
         <run_address>0xd105</run_address>
         <size>0x291</size>
         <input_file_ref idref="fl-d0"/>
      </object_component>
      <object_component id="oc-1ac">
         <name>.debug_info</name>
         <load_address>0xd396</load_address>
         <run_address>0xd396</run_address>
         <size>0x273</size>
         <input_file_ref idref="fl-d0"/>
      </object_component>
      <object_component id="oc-1b2">
         <name>.debug_info</name>
         <load_address>0xd609</load_address>
         <run_address>0xd609</run_address>
         <size>0x24d</size>
         <input_file_ref idref="fl-d0"/>
      </object_component>
      <object_component id="oc-2a2">
         <name>.debug_info</name>
         <load_address>0xd856</load_address>
         <run_address>0xd856</run_address>
         <size>0x98</size>
      </object_component>
      <object_component id="oc-17a">
         <name>.debug_line</name>
         <load_address>0x0</load_address>
         <run_address>0x0</run_address>
         <size>0x137</size>
         <input_file_ref idref="fl-2"/>
      </object_component>
      <object_component id="oc-17c">
         <name>.debug_line</name>
         <load_address>0x137</load_address>
         <run_address>0x137</run_address>
         <size>0x56</size>
         <input_file_ref idref="fl-2"/>
      </object_component>
      <object_component id="oc-17e">
         <name>.debug_line</name>
         <load_address>0x18d</load_address>
         <run_address>0x18d</run_address>
         <size>0x56</size>
         <input_file_ref idref="fl-2"/>
      </object_component>
      <object_component id="oc-1e3">
         <name>.debug_line</name>
         <load_address>0x1e3</load_address>
         <run_address>0x1e3</run_address>
         <size>0x56</size>
         <input_file_ref idref="fl-2"/>
      </object_component>
      <object_component id="oc-1e5">
         <name>.debug_line</name>
         <load_address>0x239</load_address>
         <run_address>0x239</run_address>
         <size>0x31</size>
         <input_file_ref idref="fl-2"/>
      </object_component>
      <object_component id="oc-9c">
         <name>.debug_line</name>
         <load_address>0x26a</load_address>
         <run_address>0x26a</run_address>
         <size>0x71f</size>
         <input_file_ref idref="fl-2"/>
      </object_component>
      <object_component id="oc-73">
         <name>.debug_line</name>
         <load_address>0x989</load_address>
         <run_address>0x989</run_address>
         <size>0x6f</size>
         <input_file_ref idref="fl-2"/>
      </object_component>
      <object_component id="oc-b5">
         <name>.debug_line</name>
         <load_address>0x9f8</load_address>
         <run_address>0x9f8</run_address>
         <size>0x20</size>
         <input_file_ref idref="fl-2"/>
      </object_component>
      <object_component id="oc-b0">
         <name>.debug_line</name>
         <load_address>0xa18</load_address>
         <run_address>0xa18</run_address>
         <size>0x73</size>
         <input_file_ref idref="fl-2"/>
      </object_component>
      <object_component id="oc-139">
         <name>.debug_line</name>
         <load_address>0xa8b</load_address>
         <run_address>0xa8b</run_address>
         <size>0x6f</size>
         <input_file_ref idref="fl-2"/>
      </object_component>
      <object_component id="oc-78">
         <name>.debug_line</name>
         <load_address>0xafa</load_address>
         <run_address>0xafa</run_address>
         <size>0x70</size>
         <input_file_ref idref="fl-2"/>
      </object_component>
      <object_component id="oc-1cd">
         <name>.debug_line</name>
         <load_address>0xb6a</load_address>
         <run_address>0xb6a</run_address>
         <size>0x6b</size>
         <input_file_ref idref="fl-2"/>
      </object_component>
      <object_component id="oc-6f">
         <name>.debug_line</name>
         <load_address>0xbd5</load_address>
         <run_address>0xbd5</run_address>
         <size>0x45</size>
         <input_file_ref idref="fl-3"/>
      </object_component>
      <object_component id="oc-2e">
         <name>.debug_line</name>
         <load_address>0xc1a</load_address>
         <run_address>0xc1a</run_address>
         <size>0x45</size>
         <input_file_ref idref="fl-3"/>
      </object_component>
      <object_component id="oc-2c">
         <name>.debug_line</name>
         <load_address>0xc5f</load_address>
         <run_address>0xc5f</run_address>
         <size>0xa5</size>
         <input_file_ref idref="fl-3"/>
      </object_component>
      <object_component id="oc-39">
         <name>.debug_line</name>
         <load_address>0xd04</load_address>
         <run_address>0xd04</run_address>
         <size>0x20</size>
         <input_file_ref idref="fl-3"/>
      </object_component>
      <object_component id="oc-231">
         <name>.debug_line</name>
         <load_address>0xd24</load_address>
         <run_address>0xd24</run_address>
         <size>0x8e</size>
         <input_file_ref idref="fl-4"/>
      </object_component>
      <object_component id="oc-224">
         <name>.debug_line</name>
         <load_address>0xdb2</load_address>
         <run_address>0xdb2</run_address>
         <size>0x57</size>
         <input_file_ref idref="fl-4"/>
      </object_component>
      <object_component id="oc-22f">
         <name>.debug_line</name>
         <load_address>0xe09</load_address>
         <run_address>0xe09</run_address>
         <size>0x57</size>
         <input_file_ref idref="fl-4"/>
      </object_component>
      <object_component id="oc-226">
         <name>.debug_line</name>
         <load_address>0xe60</load_address>
         <run_address>0xe60</run_address>
         <size>0x57</size>
         <input_file_ref idref="fl-4"/>
      </object_component>
      <object_component id="oc-222">
         <name>.debug_line</name>
         <load_address>0xeb7</load_address>
         <run_address>0xeb7</run_address>
         <size>0x57</size>
         <input_file_ref idref="fl-4"/>
      </object_component>
      <object_component id="oc-f3">
         <name>.debug_line</name>
         <load_address>0xf0e</load_address>
         <run_address>0xf0e</run_address>
         <size>0x2a5</size>
         <input_file_ref idref="fl-4"/>
      </object_component>
      <object_component id="oc-1c2">
         <name>.debug_line</name>
         <load_address>0x11b3</load_address>
         <run_address>0x11b3</run_address>
         <size>0x5b</size>
         <input_file_ref idref="fl-bf"/>
      </object_component>
      <object_component id="oc-c5">
         <name>.debug_line</name>
         <load_address>0x120e</load_address>
         <run_address>0x120e</run_address>
         <size>0x92</size>
         <input_file_ref idref="fl-c0"/>
      </object_component>
      <object_component id="oc-4c">
         <name>.debug_line</name>
         <load_address>0x12a0</load_address>
         <run_address>0x12a0</run_address>
         <size>0x56</size>
         <input_file_ref idref="fl-c0"/>
      </object_component>
      <object_component id="oc-8c">
         <name>.debug_line</name>
         <load_address>0x12f6</load_address>
         <run_address>0x12f6</run_address>
         <size>0x34</size>
         <input_file_ref idref="fl-c0"/>
      </object_component>
      <object_component id="oc-c2">
         <name>.debug_line</name>
         <load_address>0x132a</load_address>
         <run_address>0x132a</run_address>
         <size>0x92</size>
         <input_file_ref idref="fl-c0"/>
      </object_component>
      <object_component id="oc-87">
         <name>.debug_line</name>
         <load_address>0x13bc</load_address>
         <run_address>0x13bc</run_address>
         <size>0x20</size>
         <input_file_ref idref="fl-c1"/>
      </object_component>
      <object_component id="oc-1c">
         <name>.debug_line</name>
         <load_address>0x13dc</load_address>
         <run_address>0x13dc</run_address>
         <size>0x55</size>
         <input_file_ref idref="fl-c1"/>
      </object_component>
      <object_component id="oc-44">
         <name>.debug_line</name>
         <load_address>0x1431</load_address>
         <run_address>0x1431</run_address>
         <size>0x3a</size>
         <input_file_ref idref="fl-c1"/>
      </object_component>
      <object_component id="oc-84">
         <name>.debug_line</name>
         <load_address>0x146b</load_address>
         <run_address>0x146b</run_address>
         <size>0x92</size>
         <input_file_ref idref="fl-c1"/>
      </object_component>
      <object_component id="oc-be">
         <name>.debug_line</name>
         <load_address>0x14fd</load_address>
         <run_address>0x14fd</run_address>
         <size>0x20</size>
         <input_file_ref idref="fl-c2"/>
      </object_component>
      <object_component id="oc-19">
         <name>.debug_line</name>
         <load_address>0x151d</load_address>
         <run_address>0x151d</run_address>
         <size>0xa9</size>
         <input_file_ref idref="fl-c2"/>
      </object_component>
      <object_component id="oc-34">
         <name>.debug_line</name>
         <load_address>0x15c6</load_address>
         <run_address>0x15c6</run_address>
         <size>0x3a</size>
         <input_file_ref idref="fl-c2"/>
      </object_component>
      <object_component id="oc-bb">
         <name>.debug_line</name>
         <load_address>0x1600</load_address>
         <run_address>0x1600</run_address>
         <size>0x9a</size>
         <input_file_ref idref="fl-c2"/>
      </object_component>
      <object_component id="oc-7d">
         <name>.debug_line</name>
         <load_address>0x169a</load_address>
         <run_address>0x169a</run_address>
         <size>0x96</size>
         <input_file_ref idref="fl-c2"/>
      </object_component>
      <object_component id="oc-6c">
         <name>.debug_line</name>
         <load_address>0x1730</load_address>
         <run_address>0x1730</run_address>
         <size>0x33</size>
         <input_file_ref idref="fl-c3"/>
      </object_component>
      <object_component id="oc-5a">
         <name>.debug_line</name>
         <load_address>0x1763</load_address>
         <run_address>0x1763</run_address>
         <size>0x45</size>
         <input_file_ref idref="fl-c3"/>
      </object_component>
      <object_component id="oc-22b">
         <name>.debug_line</name>
         <load_address>0x17a8</load_address>
         <run_address>0x17a8</run_address>
         <size>0x37</size>
         <input_file_ref idref="fl-c4"/>
      </object_component>
      <object_component id="oc-3c">
         <name>.debug_line</name>
         <load_address>0x17df</load_address>
         <run_address>0x17df</run_address>
         <size>0x88</size>
         <input_file_ref idref="fl-c5"/>
      </object_component>
      <object_component id="oc-24c">
         <name>.debug_line</name>
         <load_address>0x1867</load_address>
         <run_address>0x1867</run_address>
         <size>0xbf</size>
         <input_file_ref idref="fl-c7"/>
      </object_component>
      <object_component id="oc-149">
         <name>.debug_line</name>
         <load_address>0x1926</load_address>
         <run_address>0x1926</run_address>
         <size>0x6f</size>
         <input_file_ref idref="fl-c7"/>
      </object_component>
      <object_component id="oc-250">
         <name>.debug_line</name>
         <load_address>0x1995</load_address>
         <run_address>0x1995</run_address>
         <size>0x2e</size>
         <input_file_ref idref="fl-c7"/>
      </object_component>
      <object_component id="oc-26a">
         <name>.debug_line</name>
         <load_address>0x19c3</load_address>
         <run_address>0x19c3</run_address>
         <size>0x9a</size>
         <input_file_ref idref="fl-c7"/>
      </object_component>
      <object_component id="oc-255">
         <name>.debug_line</name>
         <load_address>0x1a5d</load_address>
         <run_address>0x1a5d</run_address>
         <size>0x97</size>
         <input_file_ref idref="fl-c7"/>
      </object_component>
      <object_component id="oc-25a">
         <name>.debug_line</name>
         <load_address>0x1af4</load_address>
         <run_address>0x1af4</run_address>
         <size>0x93</size>
         <input_file_ref idref="fl-c7"/>
      </object_component>
      <object_component id="oc-99">
         <name>.debug_line</name>
         <load_address>0x1b87</load_address>
         <run_address>0x1b87</run_address>
         <size>0x40</size>
         <input_file_ref idref="fl-c8"/>
      </object_component>
      <object_component id="oc-13f">
         <name>.debug_line</name>
         <load_address>0x1bc7</load_address>
         <run_address>0x1bc7</run_address>
         <size>0x3c</size>
         <input_file_ref idref="fl-ca"/>
      </object_component>
      <object_component id="oc-209">
         <name>.debug_line</name>
         <load_address>0x1c03</load_address>
         <run_address>0x1c03</run_address>
         <size>0x7c</size>
         <input_file_ref idref="fl-cd"/>
      </object_component>
      <object_component id="oc-20b">
         <name>.debug_line</name>
         <load_address>0x1c7f</load_address>
         <run_address>0x1c7f</run_address>
         <size>0x82</size>
         <input_file_ref idref="fl-cd"/>
      </object_component>
      <object_component id="oc-235">
         <name>.debug_line</name>
         <load_address>0x1d01</load_address>
         <run_address>0x1d01</run_address>
         <size>0x82</size>
         <input_file_ref idref="fl-cd"/>
      </object_component>
      <object_component id="oc-207">
         <name>.debug_line</name>
         <load_address>0x1d83</load_address>
         <run_address>0x1d83</run_address>
         <size>0x82</size>
         <input_file_ref idref="fl-cd"/>
      </object_component>
      <object_component id="oc-193">
         <name>.debug_line</name>
         <load_address>0x1e05</load_address>
         <run_address>0x1e05</run_address>
         <size>0x97</size>
         <input_file_ref idref="fl-cd"/>
      </object_component>
      <object_component id="oc-e5">
         <name>.debug_line</name>
         <load_address>0x1e9c</load_address>
         <run_address>0x1e9c</run_address>
         <size>0x97</size>
         <input_file_ref idref="fl-cd"/>
      </object_component>
      <object_component id="oc-d3">
         <name>.debug_line</name>
         <load_address>0x1f33</load_address>
         <run_address>0x1f33</run_address>
         <size>0xaf</size>
         <input_file_ref idref="fl-cd"/>
      </object_component>
      <object_component id="oc-10a">
         <name>.debug_line</name>
         <load_address>0x1fe2</load_address>
         <run_address>0x1fe2</run_address>
         <size>0x99</size>
         <input_file_ref idref="fl-cd"/>
      </object_component>
      <object_component id="oc-d6">
         <name>.debug_line</name>
         <load_address>0x207b</load_address>
         <run_address>0x207b</run_address>
         <size>0xc2</size>
         <input_file_ref idref="fl-cd"/>
      </object_component>
      <object_component id="oc-df">
         <name>.debug_line</name>
         <load_address>0x213d</load_address>
         <run_address>0x213d</run_address>
         <size>0xc2</size>
         <input_file_ref idref="fl-cd"/>
      </object_component>
      <object_component id="oc-186">
         <name>.debug_line</name>
         <load_address>0x21ff</load_address>
         <run_address>0x21ff</run_address>
         <size>0x69</size>
         <input_file_ref idref="fl-cd"/>
      </object_component>
      <object_component id="oc-20e">
         <name>.debug_line</name>
         <load_address>0x2268</load_address>
         <run_address>0x2268</run_address>
         <size>0x13d</size>
         <input_file_ref idref="fl-ce"/>
      </object_component>
      <object_component id="oc-19d">
         <name>.debug_line</name>
         <load_address>0x23a5</load_address>
         <run_address>0x23a5</run_address>
         <size>0x94</size>
         <input_file_ref idref="fl-ce"/>
      </object_component>
      <object_component id="oc-ea">
         <name>.debug_line</name>
         <load_address>0x2439</load_address>
         <run_address>0x2439</run_address>
         <size>0x94</size>
         <input_file_ref idref="fl-ce"/>
      </object_component>
      <object_component id="oc-102">
         <name>.debug_line</name>
         <load_address>0x24cd</load_address>
         <run_address>0x24cd</run_address>
         <size>0xee</size>
         <input_file_ref idref="fl-ce"/>
      </object_component>
      <object_component id="oc-212">
         <name>.debug_line</name>
         <load_address>0x25bb</load_address>
         <run_address>0x25bb</run_address>
         <size>0x7f</size>
         <input_file_ref idref="fl-ce"/>
      </object_component>
      <object_component id="oc-233">
         <name>.debug_line</name>
         <load_address>0x263a</load_address>
         <run_address>0x263a</run_address>
         <size>0x82</size>
         <input_file_ref idref="fl-cf"/>
      </object_component>
      <object_component id="oc-261">
         <name>.debug_line</name>
         <load_address>0x26bc</load_address>
         <run_address>0x26bc</run_address>
         <size>0x7e</size>
         <input_file_ref idref="fl-cf"/>
      </object_component>
      <object_component id="oc-263">
         <name>.debug_line</name>
         <load_address>0x273a</load_address>
         <run_address>0x273a</run_address>
         <size>0x7e</size>
         <input_file_ref idref="fl-cf"/>
      </object_component>
      <object_component id="oc-115">
         <name>.debug_line</name>
         <load_address>0x27b8</load_address>
         <run_address>0x27b8</run_address>
         <size>0x9c</size>
         <input_file_ref idref="fl-cf"/>
      </object_component>
      <object_component id="oc-1de">
         <name>.debug_line</name>
         <load_address>0x2854</load_address>
         <run_address>0x2854</run_address>
         <size>0xaf</size>
         <input_file_ref idref="fl-cf"/>
      </object_component>
      <object_component id="oc-127">
         <name>.debug_line</name>
         <load_address>0x2903</load_address>
         <run_address>0x2903</run_address>
         <size>0x9a</size>
         <input_file_ref idref="fl-cf"/>
      </object_component>
      <object_component id="oc-12d">
         <name>.debug_line</name>
         <load_address>0x299d</load_address>
         <run_address>0x299d</run_address>
         <size>0x93</size>
         <input_file_ref idref="fl-cf"/>
      </object_component>
      <object_component id="oc-121">
         <name>.debug_line</name>
         <load_address>0x2a30</load_address>
         <run_address>0x2a30</run_address>
         <size>0x93</size>
         <input_file_ref idref="fl-cf"/>
      </object_component>
      <object_component id="oc-fc">
         <name>.debug_line</name>
         <load_address>0x2ac3</load_address>
         <run_address>0x2ac3</run_address>
         <size>0x93</size>
         <input_file_ref idref="fl-cf"/>
      </object_component>
      <object_component id="oc-118">
         <name>.debug_line</name>
         <load_address>0x2b56</load_address>
         <run_address>0x2b56</run_address>
         <size>0x93</size>
         <input_file_ref idref="fl-cf"/>
      </object_component>
      <object_component id="oc-10c">
         <name>.debug_line</name>
         <load_address>0x2be9</load_address>
         <run_address>0x2be9</run_address>
         <size>0xb7</size>
         <input_file_ref idref="fl-cf"/>
      </object_component>
      <object_component id="oc-215">
         <name>.debug_line</name>
         <load_address>0x2ca0</load_address>
         <run_address>0x2ca0</run_address>
         <size>0x82</size>
         <input_file_ref idref="fl-d0"/>
      </object_component>
      <object_component id="oc-1a6">
         <name>.debug_line</name>
         <load_address>0x2d22</load_address>
         <run_address>0x2d22</run_address>
         <size>0x93</size>
         <input_file_ref idref="fl-d0"/>
      </object_component>
      <object_component id="oc-218">
         <name>.debug_line</name>
         <load_address>0x2db5</load_address>
         <run_address>0x2db5</run_address>
         <size>0x96</size>
         <input_file_ref idref="fl-d0"/>
      </object_component>
      <object_component id="oc-1a0">
         <name>.debug_line</name>
         <load_address>0x2e4b</load_address>
         <run_address>0x2e4b</run_address>
         <size>0xb3</size>
         <input_file_ref idref="fl-d0"/>
      </object_component>
      <object_component id="oc-f1">
         <name>.debug_line</name>
         <load_address>0x2efe</load_address>
         <run_address>0x2efe</run_address>
         <size>0x92</size>
         <input_file_ref idref="fl-d0"/>
      </object_component>
      <object_component id="oc-1af">
         <name>.debug_line</name>
         <load_address>0x2f90</load_address>
         <run_address>0x2f90</run_address>
         <size>0x93</size>
         <input_file_ref idref="fl-d0"/>
      </object_component>
      <object_component id="oc-1b5">
         <name>.debug_line</name>
         <load_address>0x3023</load_address>
         <run_address>0x3023</run_address>
         <size>0x93</size>
         <input_file_ref idref="fl-d0"/>
      </object_component>
      <object_component id="oc-9d">
         <name>.debug_frame</name>
         <load_address>0x0</load_address>
         <run_address>0x0</run_address>
         <size>0x5e0</size>
         <input_file_ref idref="fl-2"/>
      </object_component>
      <object_component id="oc-2b">
         <name>.debug_frame</name>
         <load_address>0x5e0</load_address>
         <run_address>0x5e0</run_address>
         <size>0x90</size>
         <input_file_ref idref="fl-3"/>
      </object_component>
      <object_component id="oc-f5">
         <name>.debug_frame</name>
         <load_address>0x670</load_address>
         <run_address>0x670</run_address>
         <size>0x100</size>
         <input_file_ref idref="fl-4"/>
      </object_component>
      <object_component id="oc-48">
         <name>.debug_frame</name>
         <load_address>0x770</load_address>
         <run_address>0x770</run_address>
         <size>0x54</size>
         <input_file_ref idref="fl-c0"/>
      </object_component>
      <object_component id="oc-1d">
         <name>.debug_frame</name>
         <load_address>0x7c4</load_address>
         <run_address>0x7c4</run_address>
         <size>0x54</size>
         <input_file_ref idref="fl-c1"/>
      </object_component>
      <object_component id="oc-1a">
         <name>.debug_frame</name>
         <load_address>0x818</load_address>
         <run_address>0x818</run_address>
         <size>0x60</size>
         <input_file_ref idref="fl-c2"/>
      </object_component>
      <object_component id="oc-5b">
         <name>.debug_frame</name>
         <load_address>0x878</load_address>
         <run_address>0x878</run_address>
         <size>0x50</size>
         <input_file_ref idref="fl-c3"/>
      </object_component>
      <object_component id="oc-14c">
         <name>.debug_frame</name>
         <load_address>0x8c8</load_address>
         <run_address>0x8c8</run_address>
         <size>0x5c</size>
         <input_file_ref idref="fl-c7"/>
      </object_component>
      <object_component id="oc-9a">
         <name>.debug_frame</name>
         <load_address>0x924</load_address>
         <run_address>0x924</run_address>
         <size>0x54</size>
         <input_file_ref idref="fl-c8"/>
      </object_component>
      <object_component id="oc-140">
         <name>.debug_frame</name>
         <load_address>0x978</load_address>
         <run_address>0x978</run_address>
         <size>0x54</size>
         <input_file_ref idref="fl-ca"/>
      </object_component>
      <object_component id="oc-192">
         <name>.debug_frame</name>
         <load_address>0x9cc</load_address>
         <run_address>0x9cc</run_address>
         <size>0x7f</size>
         <input_file_ref idref="fl-cd"/>
      </object_component>
      <object_component id="oc-e4">
         <name>.debug_frame</name>
         <load_address>0xa4b</load_address>
         <run_address>0xa4b</run_address>
         <size>0x7f</size>
         <input_file_ref idref="fl-cd"/>
      </object_component>
      <object_component id="oc-d2">
         <name>.debug_frame</name>
         <load_address>0xaca</load_address>
         <run_address>0xaca</run_address>
         <size>0x8e</size>
         <input_file_ref idref="fl-cd"/>
      </object_component>
      <object_component id="oc-109">
         <name>.debug_frame</name>
         <load_address>0xb58</load_address>
         <run_address>0xb58</run_address>
         <size>0x86</size>
         <input_file_ref idref="fl-cd"/>
      </object_component>
      <object_component id="oc-d7">
         <name>.debug_frame</name>
         <load_address>0xbde</load_address>
         <run_address>0xbde</run_address>
         <size>0x7f</size>
         <input_file_ref idref="fl-cd"/>
      </object_component>
      <object_component id="oc-dc">
         <name>.debug_frame</name>
         <load_address>0xc5d</load_address>
         <run_address>0xc5d</run_address>
         <size>0x7f</size>
         <input_file_ref idref="fl-cd"/>
      </object_component>
      <object_component id="oc-19e">
         <name>.debug_frame</name>
         <load_address>0xcdc</load_address>
         <run_address>0xcdc</run_address>
         <size>0x7f</size>
         <input_file_ref idref="fl-ce"/>
      </object_component>
      <object_component id="oc-eb">
         <name>.debug_frame</name>
         <load_address>0xd5b</load_address>
         <run_address>0xd5b</run_address>
         <size>0x7f</size>
         <input_file_ref idref="fl-ce"/>
      </object_component>
      <object_component id="oc-103">
         <name>.debug_frame</name>
         <load_address>0xdda</load_address>
         <run_address>0xdda</run_address>
         <size>0x93</size>
         <input_file_ref idref="fl-ce"/>
      </object_component>
      <object_component id="oc-116">
         <name>.debug_frame</name>
         <load_address>0xe6d</load_address>
         <run_address>0xe6d</run_address>
         <size>0x7f</size>
         <input_file_ref idref="fl-cf"/>
      </object_component>
      <object_component id="oc-1df">
         <name>.debug_frame</name>
         <load_address>0xeec</load_address>
         <run_address>0xeec</run_address>
         <size>0x8a</size>
         <input_file_ref idref="fl-cf"/>
      </object_component>
      <object_component id="oc-128">
         <name>.debug_frame</name>
         <load_address>0xf76</load_address>
         <run_address>0xf76</run_address>
         <size>0x8a</size>
         <input_file_ref idref="fl-cf"/>
      </object_component>
      <object_component id="oc-12e">
         <name>.debug_frame</name>
         <load_address>0x1000</load_address>
         <run_address>0x1000</run_address>
         <size>0x7f</size>
         <input_file_ref idref="fl-cf"/>
      </object_component>
      <object_component id="oc-122">
         <name>.debug_frame</name>
         <load_address>0x107f</load_address>
         <run_address>0x107f</run_address>
         <size>0x7f</size>
         <input_file_ref idref="fl-cf"/>
      </object_component>
      <object_component id="oc-fd">
         <name>.debug_frame</name>
         <load_address>0x10fe</load_address>
         <run_address>0x10fe</run_address>
         <size>0x7f</size>
         <input_file_ref idref="fl-cf"/>
      </object_component>
      <object_component id="oc-11c">
         <name>.debug_frame</name>
         <load_address>0x117d</load_address>
         <run_address>0x117d</run_address>
         <size>0x7f</size>
         <input_file_ref idref="fl-cf"/>
      </object_component>
      <object_component id="oc-110">
         <name>.debug_frame</name>
         <load_address>0x11fc</load_address>
         <run_address>0x11fc</run_address>
         <size>0x86</size>
         <input_file_ref idref="fl-cf"/>
      </object_component>
      <object_component id="oc-1aa">
         <name>.debug_frame</name>
         <load_address>0x1282</load_address>
         <run_address>0x1282</run_address>
         <size>0x7f</size>
         <input_file_ref idref="fl-d0"/>
      </object_component>
      <object_component id="oc-21c">
         <name>.debug_frame</name>
         <load_address>0x1301</load_address>
         <run_address>0x1301</run_address>
         <size>0x7f</size>
         <input_file_ref idref="fl-d0"/>
      </object_component>
      <object_component id="oc-1a4">
         <name>.debug_frame</name>
         <load_address>0x1380</load_address>
         <run_address>0x1380</run_address>
         <size>0x8a</size>
         <input_file_ref idref="fl-d0"/>
      </object_component>
      <object_component id="oc-f0">
         <name>.debug_frame</name>
         <load_address>0x140a</load_address>
         <run_address>0x140a</run_address>
         <size>0x7f</size>
         <input_file_ref idref="fl-d0"/>
      </object_component>
      <object_component id="oc-1b0">
         <name>.debug_frame</name>
         <load_address>0x1489</load_address>
         <run_address>0x1489</run_address>
         <size>0x7f</size>
         <input_file_ref idref="fl-d0"/>
      </object_component>
      <object_component id="oc-1b6">
         <name>.debug_frame</name>
         <load_address>0x1508</load_address>
         <run_address>0x1508</run_address>
         <size>0x7f</size>
         <input_file_ref idref="fl-d0"/>
      </object_component>
      <object_component id="oc-179">
         <name>.debug_abbrev</name>
         <load_address>0x0</load_address>
         <run_address>0x0</run_address>
         <size>0x93</size>
         <input_file_ref idref="fl-2"/>
      </object_component>
      <object_component id="oc-17b">
         <name>.debug_abbrev</name>
         <load_address>0x93</load_address>
         <run_address>0x93</run_address>
         <size>0x27</size>
         <input_file_ref idref="fl-2"/>
      </object_component>
      <object_component id="oc-17d">
         <name>.debug_abbrev</name>
         <load_address>0xba</load_address>
         <run_address>0xba</run_address>
         <size>0x27</size>
         <input_file_ref idref="fl-2"/>
      </object_component>
      <object_component id="oc-1e2">
         <name>.debug_abbrev</name>
         <load_address>0xe1</load_address>
         <run_address>0xe1</run_address>
         <size>0x27</size>
         <input_file_ref idref="fl-2"/>
      </object_component>
      <object_component id="oc-1e4">
         <name>.debug_abbrev</name>
         <load_address>0x108</load_address>
         <run_address>0x108</run_address>
         <size>0x27</size>
         <input_file_ref idref="fl-2"/>
      </object_component>
      <object_component id="oc-135">
         <name>.debug_abbrev</name>
         <load_address>0x12f</load_address>
         <run_address>0x12f</run_address>
         <size>0x132</size>
         <input_file_ref idref="fl-2"/>
      </object_component>
      <object_component id="oc-72">
         <name>.debug_abbrev</name>
         <load_address>0x261</load_address>
         <run_address>0x261</run_address>
         <size>0x69</size>
         <input_file_ref idref="fl-2"/>
      </object_component>
      <object_component id="oc-b4">
         <name>.debug_abbrev</name>
         <load_address>0x2ca</load_address>
         <run_address>0x2ca</run_address>
         <size>0x1f</size>
         <input_file_ref idref="fl-2"/>
      </object_component>
      <object_component id="oc-af">
         <name>.debug_abbrev</name>
         <load_address>0x2e9</load_address>
         <run_address>0x2e9</run_address>
         <size>0x5c</size>
         <input_file_ref idref="fl-2"/>
      </object_component>
      <object_component id="oc-138">
         <name>.debug_abbrev</name>
         <load_address>0x345</load_address>
         <run_address>0x345</run_address>
         <size>0x24</size>
         <input_file_ref idref="fl-2"/>
      </object_component>
      <object_component id="oc-77">
         <name>.debug_abbrev</name>
         <load_address>0x369</load_address>
         <run_address>0x369</run_address>
         <size>0x24</size>
         <input_file_ref idref="fl-2"/>
      </object_component>
      <object_component id="oc-1cc">
         <name>.debug_abbrev</name>
         <load_address>0x38d</load_address>
         <run_address>0x38d</run_address>
         <size>0x24</size>
         <input_file_ref idref="fl-2"/>
      </object_component>
      <object_component id="oc-6e">
         <name>.debug_abbrev</name>
         <load_address>0x3b1</load_address>
         <run_address>0x3b1</run_address>
         <size>0x68</size>
         <input_file_ref idref="fl-3"/>
      </object_component>
      <object_component id="oc-2d">
         <name>.debug_abbrev</name>
         <load_address>0x419</load_address>
         <run_address>0x419</run_address>
         <size>0x29</size>
         <input_file_ref idref="fl-3"/>
      </object_component>
      <object_component id="oc-6d">
         <name>.debug_abbrev</name>
         <load_address>0x442</load_address>
         <run_address>0x442</run_address>
         <size>0x79</size>
         <input_file_ref idref="fl-3"/>
      </object_component>
      <object_component id="oc-38">
         <name>.debug_abbrev</name>
         <load_address>0x4bb</load_address>
         <run_address>0x4bb</run_address>
         <size>0x1f</size>
         <input_file_ref idref="fl-3"/>
      </object_component>
      <object_component id="oc-230">
         <name>.debug_abbrev</name>
         <load_address>0x4da</load_address>
         <run_address>0x4da</run_address>
         <size>0xc2</size>
         <input_file_ref idref="fl-4"/>
      </object_component>
      <object_component id="oc-223">
         <name>.debug_abbrev</name>
         <load_address>0x59c</load_address>
         <run_address>0x59c</run_address>
         <size>0x27</size>
         <input_file_ref idref="fl-4"/>
      </object_component>
      <object_component id="oc-22e">
         <name>.debug_abbrev</name>
         <load_address>0x5c3</load_address>
         <run_address>0x5c3</run_address>
         <size>0x27</size>
         <input_file_ref idref="fl-4"/>
      </object_component>
      <object_component id="oc-225">
         <name>.debug_abbrev</name>
         <load_address>0x5ea</load_address>
         <run_address>0x5ea</run_address>
         <size>0x27</size>
         <input_file_ref idref="fl-4"/>
      </object_component>
      <object_component id="oc-221">
         <name>.debug_abbrev</name>
         <load_address>0x611</load_address>
         <run_address>0x611</run_address>
         <size>0x27</size>
         <input_file_ref idref="fl-4"/>
      </object_component>
      <object_component id="oc-1c8">
         <name>.debug_abbrev</name>
         <load_address>0x638</load_address>
         <run_address>0x638</run_address>
         <size>0xba</size>
         <input_file_ref idref="fl-4"/>
      </object_component>
      <object_component id="oc-22c">
         <name>.debug_abbrev</name>
         <load_address>0x6f2</load_address>
         <run_address>0x6f2</run_address>
         <size>0x4a</size>
         <input_file_ref idref="fl-bf"/>
      </object_component>
      <object_component id="oc-c4">
         <name>.debug_abbrev</name>
         <load_address>0x73c</load_address>
         <run_address>0x73c</run_address>
         <size>0x5d</size>
         <input_file_ref idref="fl-c0"/>
      </object_component>
      <object_component id="oc-88">
         <name>.debug_abbrev</name>
         <load_address>0x799</load_address>
         <run_address>0x799</run_address>
         <size>0x6f</size>
         <input_file_ref idref="fl-c0"/>
      </object_component>
      <object_component id="oc-8b">
         <name>.debug_abbrev</name>
         <load_address>0x808</load_address>
         <run_address>0x808</run_address>
         <size>0x24</size>
         <input_file_ref idref="fl-c0"/>
      </object_component>
      <object_component id="oc-c1">
         <name>.debug_abbrev</name>
         <load_address>0x82c</load_address>
         <run_address>0x82c</run_address>
         <size>0x24</size>
         <input_file_ref idref="fl-c0"/>
      </object_component>
      <object_component id="oc-86">
         <name>.debug_abbrev</name>
         <load_address>0x850</load_address>
         <run_address>0x850</run_address>
         <size>0x37</size>
         <input_file_ref idref="fl-c1"/>
      </object_component>
      <object_component id="oc-40">
         <name>.debug_abbrev</name>
         <load_address>0x887</load_address>
         <run_address>0x887</run_address>
         <size>0x74</size>
         <input_file_ref idref="fl-c1"/>
      </object_component>
      <object_component id="oc-43">
         <name>.debug_abbrev</name>
         <load_address>0x8fb</load_address>
         <run_address>0x8fb</run_address>
         <size>0x24</size>
         <input_file_ref idref="fl-c1"/>
      </object_component>
      <object_component id="oc-83">
         <name>.debug_abbrev</name>
         <load_address>0x91f</load_address>
         <run_address>0x91f</run_address>
         <size>0x24</size>
         <input_file_ref idref="fl-c1"/>
      </object_component>
      <object_component id="oc-bd">
         <name>.debug_abbrev</name>
         <load_address>0x943</load_address>
         <run_address>0x943</run_address>
         <size>0x37</size>
         <input_file_ref idref="fl-c2"/>
      </object_component>
      <object_component id="oc-30">
         <name>.debug_abbrev</name>
         <load_address>0x97a</load_address>
         <run_address>0x97a</run_address>
         <size>0x6f</size>
         <input_file_ref idref="fl-c2"/>
      </object_component>
      <object_component id="oc-33">
         <name>.debug_abbrev</name>
         <load_address>0x9e9</load_address>
         <run_address>0x9e9</run_address>
         <size>0x24</size>
         <input_file_ref idref="fl-c2"/>
      </object_component>
      <object_component id="oc-ba">
         <name>.debug_abbrev</name>
         <load_address>0xa0d</load_address>
         <run_address>0xa0d</run_address>
         <size>0x35</size>
         <input_file_ref idref="fl-c2"/>
      </object_component>
      <object_component id="oc-7c">
         <name>.debug_abbrev</name>
         <load_address>0xa42</load_address>
         <run_address>0xa42</run_address>
         <size>0x24</size>
         <input_file_ref idref="fl-c2"/>
      </object_component>
      <object_component id="oc-6b">
         <name>.debug_abbrev</name>
         <load_address>0xa66</load_address>
         <run_address>0xa66</run_address>
         <size>0x29</size>
         <input_file_ref idref="fl-c3"/>
[...]
               <start_address>0x2000026c</start_address>
               <size>0x4</size>
            </available_space>
            <allocated_space>
               <start_address>0x20000270</start_address>
               <size>0x200</size>
               <logical_group_ref idref="lg-d"/>
            </allocated_space>
            <allocated_space>
               <start_address>0x20000470</start_address>
               <size>0x6</size>
               <logical_group_ref idref="lg-a"/>
            </allocated_space>
            <available_space>
               <start_address>0x20000476</start_address>
               <size>0x7b8a</size>
            </available_space>
         </usage_details>
      </memory_area>
   </placement_map>
   <cptbl_list>
      <cptbl>
         <name>__TI_cinit_table</name>
         <cprec>
            <name>.vtable</name>
            <load_address>0x1e70</load_address>
            <load_size>0x8</load_size>
            <run_address>0x20000000</run_address>
            <run_size>0x26c</run_size>
            <compression>zero_init</compression>
         </cprec>
         <cprec>
            <name>.data</name>
            <load_address>0x1e78</load_address>
            <load_size>0x7</load_size>
            <run_address>0x20000470</run_address>
            <run_size>0x6</run_size>
            <compression>lzss</compression>
         </cprec>
      </cptbl>
   </cptbl_list>
   <handler_table>
      <handler_table_name>__TI_handler_table</handler_table_name>
      <handler>
         <index>0x0</index>
         <name>__TI_zero_init</name>
      </handler>
      <handler>
         <index>0x1</index>
         <name>__TI_decompress_lzss</name>
      </handler>
      <handler>
         <index>0x2</index>
         <name>__TI_decompress_none</name>
      </handler>
   </handler_table>
   <symbol_table>
      <symbol id="sm-1">
         <name>__STACK_TOP</name>
         <value>0x20000470</value>
      </symbol>
      <symbol id="sm-2">
         <name>__start___llvm_prf_cnts</name>
         <value>0x20000000</value>
      </symbol>
      <symbol id="sm-3">
         <name>__stop___llvm_prf_cnts</name>
         <value>0x20000000</value>
      </symbol>
      <symbol id="sm-4">
         <name>__TI_CINIT_Base</name>
         <value>0x1e80</value>
      </symbol>
      <symbol id="sm-5">
         <name>__TI_CINIT_Limit</name>
         <value>0x1e90</value>
      </symbol>
      <symbol id="sm-6">
         <name>__TI_Handler_Table_Base</name>
         <value>0x1e60</value>
      </symbol>
      <symbol id="sm-7">
         <name>__TI_Handler_Table_Limit</name>
         <value>0x1e6c</value>
      </symbol>
      <symbol id="sm-8">
         <name>binit</name>
         <value>0xffffffff</value>
      </symbol>
      <symbol id="sm-9">
         <name>__binit__</name>
         <value>0xffffffff</value>
      </symbol>
      <symbol id="sm-a">
         <name>__STACK_SIZE</name>
         <value>0x200</value>
      </symbol>
      <symbol id="sm-b">
         <name>__STACK_END</name>
         <value>0x20000470</value>
      </symbol>
      <symbol id="sm-c">
         <name>__c_args__</name>
         <value>0xffffffff</value>
      </symbol>
      <symbol id="sm-d">
         <name>__TI_pprof_out_hndl</name>
         <value>0xffffffff</value>
      </symbol>
      <symbol id="sm-e">
         <name>__TI_prof_data_start</name>
         <value>0xffffffff</value>
      </symbol>
      <symbol id="sm-f">
         <name>__TI_prof_data_size</name>
         <value>0xffffffff</value>
      </symbol>
      <symbol id="sm-10d">
         <name>GPIOPinTypePWM</name>
         <value>0xba5</value>
         <object_component_ref idref="oc-9b"/>
      </symbol>
      <symbol id="sm-10e">
         <name>button_ISR</name>
         <value>0xe33</value>
         <object_component_ref idref="oc-9b"/>
      </symbol>
      <symbol id="sm-10f">
         <name>GPIOIntRegister</name>
         <value>0x8a3</value>
         <object_component_ref idref="oc-9b"/>
      </symbol>
      <symbol id="sm-110">
         <name>GPIOPinConfigure</name>
         <value>0xd21</value>
         <object_component_ref idref="oc-9b"/>
      </symbol>
      <symbol id="sm-111">
         <name>GPIOPinTypeGPIOOutputOD</name>
         <value>0xacd</value>
         <object_component_ref idref="oc-9b"/>
      </symbol>
      <symbol id="sm-112">
         <name>GPIOPinTypeI2CSCL</name>
         <value>0xb39</value>
         <object_component_ref idref="oc-9b"/>
      </symbol>
      <symbol id="sm-113">
         <name>GPIOPinTypeUSBAnalog</name>
         <value>0xc7d</value>
         <object_component_ref idref="oc-9b"/>
      </symbol>
      <symbol id="sm-114">
         <name>GPIOIntDisable</name>
         <value>0x853</value>
         <object_component_ref idref="oc-9b"/>
      </symbol>
      <symbol id="sm-115">
         <name>GPIODirModeGet</name>
         <value>0x327</value>
         <object_component_ref idref="oc-9b"/>
      </symbol>
      <symbol id="sm-116">
         <name>GPIOPinTypeTrace</name>
         <value>0xc35</value>
         <object_component_ref idref="oc-9b"/>
      </symbol>
      <symbol id="sm-117">
         <name>GPIOPinTypeWakeHigh</name>
         <value>0xcc5</value>
         <object_component_ref idref="oc-9b"/>
      </symbol>
      <symbol id="sm-118">
         <name>GPIOPinTypeWakeLow</name>
         <value>0xceb</value>
         <object_component_ref idref="oc-9b"/>
      </symbol>
      <symbol id="sm-119">
         <name>configure_UART</name>
         <value>0xdf7</value>
         <object_component_ref idref="oc-9b"/>
      </symbol>
      <symbol id="sm-11a">
         <name>GPIOIntEnable</name>
         <value>0x839</value>
         <object_component_ref idref="oc-9b"/>
      </symbol>
      <symbol id="sm-11b">
         <name>GPIOPinTypeI2C</name>
         <value>0xb15</value>
         <object_component_ref idref="oc-9b"/>
      </symbol>
      <symbol id="sm-11c">
         <name>GPIOPinTypeUSBDigital</name>
         <value>0xca1</value>
         <object_component_ref idref="oc-9b"/>
      </symbol>
      <symbol id="sm-11d">
         <name>GPIOIntTypeSet</name>
         <value>0x373</value>
         <object_component_ref idref="oc-9b"/>
      </symbol>
      <symbol id="sm-11e">
         <name>GPIOPinTypeADC</name>
         <value>0x965</value>
         <object_component_ref idref="oc-9b"/>
      </symbol>
      <symbol id="sm-11f">
         <name>GPIODMATriggerDisable</name>
         <value>0xd9d</value>
         <object_component_ref idref="oc-9b"/>
      </symbol>
      <symbol id="sm-120">
         <name>GPIOPinTypeGPIOInput</name>
         <value>0xa85</value>
         <object_component_ref idref="oc-9b"/>
      </symbol>
      <symbol id="sm-121">
         <name>GPIOIntUnregisterPin</name>
         <value>0x909</value>
         <object_component_ref idref="oc-9b"/>
      </symbol>
      <symbol id="sm-122">
         <name>GPIOIntUnregister</name>
         <value>0x8c1</value>
         <object_component_ref idref="oc-9b"/>
      </symbol>
      <symbol id="sm-123">
         <name>GPIOPinTypeComparator</name>
         <value>0x9ad</value>
         <object_component_ref idref="oc-9b"/>
      </symbol>
      <symbol id="sm-124">
         <name>main</name>
         <value>0xe85</value>
         <object_component_ref idref="oc-9b"/>
      </symbol>
      <symbol id="sm-125">
         <name>GPIOPinTypeComparatorOutput</name>
         <value>0x9d1</value>
         <object_component_ref idref="oc-9b"/>
      </symbol>
      <symbol id="sm-126">
         <name>GPIOPadConfigGet</name>
         <value>0x6e7</value>
         <object_component_ref idref="oc-9b"/>
      </symbol>
      <symbol id="sm-127">
         <name>GPIOPinTypeOneWire</name>
         <value>0xb81</value>
         <object_component_ref idref="oc-9b"/>
      </symbol>
      <symbol id="sm-128">
         <name>GPIOIntClear</name>
         <value>0x88f</value>
         <object_component_ref idref="oc-9b"/>
      </symbol>
      <symbol id="sm-129">
         <name>GPIOADCTriggerEnable</name>
         <value>0xdbb</value>
         <object_component_ref idref="oc-9b"/>
      </symbol>
      <symbol id="sm-12a">
         <name>GPIOADCTriggerDisable</name>
         <value>0xdd9</value>
         <object_component_ref idref="oc-9b"/>
      </symbol>
      <symbol id="sm-12b">
         <name>GPIOPinTypeUART</name>
         <value>0xc59</value>
         <object_component_ref idref="oc-9b"/>
      </symbol>
      <symbol id="sm-12c">
         <name>GPIOIntRegisterPin</name>
         <value>0x8db</value>
         <object_component_ref idref="oc-9b"/>
      </symbol>
      <symbol id="sm-12d">
         <name>GPIOIntStatus</name>
         <value>0x86d</value>
         <object_component_ref idref="oc-9b"/>
      </symbol>
      <symbol id="sm-12e">
         <name>GPIOPinTypeDIVSCLK</name>
         <value>0x9f5</value>
         <object_component_ref idref="oc-9b"/>
      </symbol>
      <symbol id="sm-12f">
         <name>GPIOPinTypeGPIOOutput</name>
         <value>0xaa9</value>
         <object_component_ref idref="oc-9b"/>
      </symbol>
      <symbol id="sm-130">
         <name>GPIOIntTypeGet</name>
         <value>0x417</value>
         <object_component_ref idref="oc-9b"/>
      </symbol>
      <symbol id="sm-131">
         <name>GPIOPinRead</name>
         <value>0x92d</value>
         <object_component_ref idref="oc-9b"/>
      </symbol>
      <symbol id="sm-132">
         <name>GPIODirModeSet</name>
         <value>0x2cb</value>
         <object_component_ref idref="oc-9b"/>
      </symbol>
      <symbol id="sm-133">
         <name>timer_ISR</name>
         <value>0xe55</value>
         <object_component_ref idref="oc-9b"/>
      </symbol>
      <symbol id="sm-134">
         <name>GPIOPinTypeQEI</name>
         <value>0xbc9</value>
         <object_component_ref idref="oc-9b"/>
      </symbol>
      <symbol id="sm-135">
         <name>GPIOPinTypeHibernateRTCCLK</name>
         <value>0xaf1</value>
         <object_component_ref idref="oc-9b"/>
      </symbol>
      <symbol id="sm-136">
         <name>GPIODMATriggerEnable</name>
         <value>0xd7f</value>
         <object_component_ref idref="oc-9b"/>
      </symbol>
      <symbol id="sm-137">
         <name>GPIOPinTypeEthernetMII</name>
         <value>0xa61</value>
         <object_component_ref idref="oc-9b"/>
      </symbol>
      <symbol id="sm-138">
         <name>GPIOPinWrite</name>
         <value>0x945</value>
         <object_component_ref idref="oc-9b"/>
      </symbol>
      <symbol id="sm-139">
         <name>GPIOPadConfigSet</name>
         <value>0x4ad</value>
         <object_component_ref idref="oc-9b"/>
      </symbol>
      <symbol id="sm-13a">
         <name>GPIOPinTypeLCD</name>
         <value>0xb5d</value>
         <object_component_ref idref="oc-9b"/>
      </symbol>
      <symbol id="sm-13b">
         <name>GPIOPinTypeSSI</name>
         <value>0xbed</value>
         <object_component_ref idref="oc-9b"/>
      </symbol>
      <symbol id="sm-13c">
         <name>GPIOPinTypeTimer</name>
         <value>0xc11</value>
         <object_component_ref idref="oc-9b"/>
      </symbol>
      <symbol id="sm-13d">
         <name>GPIOPinTypeCAN</name>
         <value>0x989</value>
         <object_component_ref idref="oc-9b"/>
      </symbol>
      <symbol id="sm-13e">
         <name>GPIOPinTypeEPI</name>
         <value>0xa19</value>
         <object_component_ref idref="oc-9b"/>
      </symbol>
      <symbol id="sm-13f">
         <name>GPIOPinTypeEthernetLED</name>
         <value>0xa3d</value>
         <object_component_ref idref="oc-9b"/>
      </symbol>
      <symbol id="sm-140">
         <name>Hz_to_counts</name>
         <value>0xe73</value>
         <object_component_ref idref="oc-9b"/>
      </symbol>
      <symbol id="sm-141">
         <name>GPIOPinWakeStatus</name>
         <value>0xd11</value>
         <object_component_ref idref="oc-9b"/>
      </symbol>
      <symbol id="sm-162">
         <name>ResetISR</name>
         <value>0x1a0b</value>
         <object_component_ref idref="oc-27"/>
      </symbol>
      <symbol id="sm-163">
         <name>g_pfnVectors</name>
         <value>0x0</value>
         <object_component_ref idref="oc-12"/>
      </symbol>
      <symbol id="sm-1d2">
         <name>UARTgetc</name>
         <value>0x10d3</value>
         <object_component_ref idref="oc-f2"/>
      </symbol>
      <symbol id="sm-1d3">
         <name>UARTgets</name>
         <value>0x1019</value>
         <object_component_ref idref="oc-f2"/>
      </symbol>
      <symbol id="sm-1d4">
         <name>UARTStdioConfig</name>
         <value>0xf8d</value>
         <object_component_ref idref="oc-f2"/>
      </symbol>
      <symbol id="sm-1d5">
         <name>UARTwrite</name>
         <value>0xfd3</value>
         <object_component_ref idref="oc-f2"/>
      </symbol>
      <symbol id="sm-1d6">
         <name>UARTprintf</name>
         <value>0x13f3</value>
         <object_component_ref idref="oc-f2"/>
      </symbol>
      <symbol id="sm-1d7">
         <name>UARTvprintf</name>
         <value>0x10f9</value>
         <object_component_ref idref="oc-f2"/>
      </symbol>
      <symbol id="sm-1e6">
         <name>__aeabi_uidivmod</name>
         <value>0x1829</value>
         <object_component_ref idref="oc-1c0"/>
      </symbol>
      <symbol id="sm-1e7">
         <name>__aeabi_uidiv</name>
         <value>0x1829</value>
         <object_component_ref idref="oc-1c0"/>
      </symbol>
      <symbol id="sm-200">
         <name>__TI_zero_init_nomemset</name>
         <value>0x1981</value>
         <object_component_ref idref="oc-47"/>
      </symbol>
      <symbol id="sm-217">
         <name>__TI_decompress_none</name>
         <value>0x19fd</value>
         <object_component_ref idref="oc-1b"/>
      </symbol>
      <symbol id="sm-23a">
         <name>__TI_decompress_lzss</name>
         <value>0x1689</value>
         <object_component_ref idref="oc-15"/>
      </symbol>
      <symbol id="sm-24d">
         <name>__stack</name>
         <value>0x20000270</value>
         <object_component_ref idref="oc-24"/>
      </symbol>
      <symbol id="sm-24e">
         <name>_c_int00_noargs</name>
         <value>0x1909</value>
         <object_component_ref idref="oc-59"/>
      </symbol>
      <symbol id="sm-258">
         <name>__aeabi_idiv0</name>
         <value>0x1a55</value>
         <object_component_ref idref="oc-227"/>
      </symbol>
      <symbol id="sm-259">
         <name>__aeabi_ldiv0</name>
         <value>0x1a55</value>
         <object_component_ref idref="oc-227"/>
      </symbol>
      <symbol id="sm-274">
         <name>memcpy</name>
         <value>0x151d</value>
         <object_component_ref idref="oc-3b"/>
      </symbol>
      <symbol id="sm-275">
         <name>__aeabi_memcpy</name>
         <value>0x151d</value>
         <object_component_ref idref="oc-3b"/>
      </symbol>
      <symbol id="sm-276">
         <name>__aeabi_memcpy8</name>
         <value>0x151d</value>
         <object_component_ref idref="oc-3b"/>
      </symbol>
      <symbol id="sm-277">
         <name>__aeabi_memcpy4</name>
         <value>0x151d</value>
         <object_component_ref idref="oc-3b"/>
      </symbol>
      <symbol id="sm-2a0">
         <name>__TI_auto_init_nobinit_nopinit</name>
         <value>0x17e5</value>
         <object_component_ref idref="oc-147"/>
      </symbol>
      <symbol id="sm-2aa">
         <name>_system_pre_init</name>
         <value>0x1a4d</value>
         <object_component_ref idref="oc-95"/>
      </symbol>
      <symbol id="sm-2b6">
         <name>C$$EXIT</name>
         <value>0x1a51</value>
         <object_component_ref idref="oc-13b"/>
      </symbol>
      <symbol id="sm-2b7">
         <name>abort</name>
         <value>0x1a51</value>
         <object_component_ref idref="oc-13b"/>
      </symbol>
      <symbol id="sm-330">
         <name>IntPrioritySet</name>
         <value>0x193d</value>
         <object_component_ref idref="oc-105"/>
      </symbol>
      <symbol id="sm-331">
         <name>IntEnable</name>
         <value>0x1621</value>
         <object_component_ref idref="oc-d4"/>
      </symbol>
      <symbol id="sm-332">
         <name>IntDisable</name>
         <value>0x15b9</value>
         <object_component_ref idref="oc-da"/>
      </symbol>
      <symbol id="sm-333">
         <name>IntRegister</name>
         <value>0x18a1</value>
         <object_component_ref idref="oc-ce"/>
      </symbol>
      <symbol id="sm-334">
         <name>IntUnregister</name>
         <value>0x19b5</value>
         <object_component_ref idref="oc-e0"/>
      </symbol>
      <symbol id="sm-335">
         <name>g_pfnRAMVectors</name>
         <value>0x20000000</value>
         <object_component_ref idref="oc-17f"/>
      </symbol>
      <symbol id="sm-36c">
         <name>SysCtlPeripheralPresent</name>
         <value>0x1869</value>
         <object_component_ref idref="oc-199"/>
      </symbol>
      <symbol id="sm-36d">
         <name>SysCtlClockSet</name>
         <value>0x1429</value>
         <object_component_ref idref="oc-fe"/>
      </symbol>
      <symbol id="sm-36e">
         <name>SysCtlDelay</name>
         <value>0x1a3d</value>
         <object_component_ref idref="oc-104"/>
      </symbol>
      <symbol id="sm-36f">
         <name>SysCtlPeripheralEnable</name>
         <value>0x18d5</value>
         <object_component_ref idref="oc-e6"/>
      </symbol>
      <symbol id="sm-3d2">
         <name>TimerLoadSet</name>
         <value>0x19dd</value>
         <object_component_ref idref="oc-111"/>
      </symbol>
      <symbol id="sm-3d3">
         <name>TimerIntRegister</name>
         <value>0x199d</value>
         <object_component_ref idref="oc-123"/>
      </symbol>
      <symbol id="sm-3d4">
         <name>TimerEnable</name>
         <value>0x19ef</value>
         <object_component_ref idref="oc-117"/>
      </symbol>
      <symbol id="sm-3d5">
         <name>TimerIntDisable</name>
         <value>0x1a17</value>
         <object_component_ref idref="oc-11d"/>
      </symbol>
      <symbol id="sm-3d6">
         <name>TimerIntEnable</name>
         <value>0x1a35</value>
         <object_component_ref idref="oc-129"/>
      </symbol>
      <symbol id="sm-3d7">
         <name>TimerConfigure</name>
         <value>0x16f1</value>
         <object_component_ref idref="oc-10b"/>
      </symbol>
      <symbol id="sm-3d8">
         <name>TimerIntClear</name>
         <value>0x1a49</value>
         <object_component_ref idref="oc-f8"/>
      </symbol>
      <symbol id="sm-413">
         <name>UARTConfigSetExpClk</name>
         <value>0x179d</value>
         <object_component_ref idref="oc-19f"/>
      </symbol>
      <symbol id="sm-414">
         <name>UARTDisable</name>
         <value>0x1961</value>
         <object_component_ref idref="oc-217"/>
      </symbol>
      <symbol id="sm-415">
         <name>UARTClockSourceSet</name>
         <value>0x1a43</value>
         <object_component_ref idref="oc-ec"/>
      </symbol>
      <symbol id="sm-416">
         <name>UARTCharPut</name>
         <value>0x1a2b</value>
         <object_component_ref idref="oc-1ab"/>
      </symbol>
      <symbol id="sm-417">
         <name>UARTEnable</name>
         <value>0x19c9</value>
         <object_component_ref idref="oc-1a5"/>
      </symbol>
      <symbol id="sm-418">
         <name>UARTCharGet</name>
         <value>0x1a21</value>
         <object_component_ref idref="oc-1b1"/>
      </symbol>
      <symbol id="sm-41a">
         <name>__TI_static_base__</name>
         <value>0x0</value>
      </symbol>
      <symbol id="sm-41d">
         <name>__mpu_init</name>
         <value>0x0</value>
      </symbol>
      <symbol id="sm-41e">
         <name>_system_post_cinit</name>
         <value>0x0</value>
      </symbol>
   </symbol_table>
   <title>Link successful</title>
</link_info>
