******************************************************************************
                  TI ARM Linker PC v20.2.0                     
******************************************************************************
>> Linked Wed May  6 20:35:18 2020

OUTPUT FILE NAME:   <e_stop.out>
ENTRY POINT SYMBOL: "_c_int00_noargs"  address: 000025ed


MEMORY CONFIGURATION

         name            origin    length      used     unused   attr    fill
----------------------  --------  ---------  --------  --------  ----  --------
  FLASH                 00000000   00040000  00002cd8  0003d328  R  X
  SRAM                  20000000   00008000  00000472  00007b8e  RW X


SEGMENT ALLOCATION MAP

run origin  load origin   length   init length attrs members
----------  ----------- ---------- ----------- ----- -------
00000000    00000000    00002cd8   00002cd8    r-x
  00000000    00000000    0000026c   0000026c    r-- .intvecs
  0000026c    0000026c    00002484   00002484    r-x .text
  000026f0    000026f0    000005b8   000005b8    r-- .const
  00002ca8    00002ca8    00000030   00000030    r-- .cinit
20000000    20000000    00000476   00000000    rw-
  20000000    20000000    0000026c   00000000    rw- .vtable
  20000270    20000270    00000200   00000000    rw- .stack
  20000470    20000470    00000006   00000000    rw- .data


SECTION ALLOCATION MAP

 output                                  attributes/
section   page    origin      length       input sections
--------  ----  ----------  ----------   ----------------
.intvecs   0    00000000    0000026c     
                  00000000    0000026c     tm4c123gh6pm_startup_ccs.obj (.intvecs)

.text      0    0000026c    00002484     
                  0000026c    00001c10     main.obj (.text)
                  00001e7c    0000049c     uartstdio.obj (.text)
                  00002318    0000009c     rtsv7M4_T_le_v4SPD16_eabi.lib : memcpy_t2.asm.obj (.text)
                  000023b4    00000068     driverlib.lib : interrupt.obj (.text:IntDisable)
                  0000241c    00000068                   : interrupt.obj (.text:IntEnable)
                  00002484    00000068     rtsv7M4_T_le_v4SPD16_eabi.lib : copy_decompress_lzss.c.obj (.text:decompress:lzss:__TI_decompress_lzss)
                  000024ec    00000046     driverlib.lib : uart.obj (.text:UARTConfigSetExpClk)
                  00002532    00000002                   : interrupt.obj (.text:_IntDefaultHandler)
                  00002534    00000044     rtsv7M4_T_le_v4SPD16_eabi.lib : autoinit.c.obj (.text:__TI_auto_init_nobinit_nopinit:__TI_auto_init_nobinit_nopinit)
                  00002578    00000040                                   : u_divt2.asm.obj (.text)
                  000025b8    00000034     driverlib.lib : interrupt.obj (.text:IntRegister)
                  000025ec    00000034     rtsv7M4_T_le_v4SPD16_eabi.lib : boot_cortex_m.c.obj (.text:_c_int00_noargs:_c_int00_noargs)
                  00002620    00000024     driverlib.lib : interrupt.obj (.text:IntPrioritySet)
                  00002644    00000020                   : uart.obj (.text:UARTDisable)
                  00002664    0000001c     rtsv7M4_T_le_v4SPD16_eabi.lib : copy_zero_init.c.obj (.text:decompress:ZI:__TI_zero_init_nomemset:__TI_zero_init_nomemset)
                  00002680    00000014     driverlib.lib : interrupt.obj (.text:IntUnregister)
                  00002694    00000014                   : uart.obj (.text:UARTEnable)
                  000026a8    0000000e     rtsv7M4_T_le_v4SPD16_eabi.lib : copy_decompress_none.c.obj (.text:decompress:none:__TI_decompress_none)
                  000026b6    0000000c     tm4c123gh6pm_startup_ccs.obj (.text)
                  000026c2    0000000a     driverlib.lib : uart.obj (.text:UARTCharGet)
                  000026cc    0000000a                   : uart.obj (.text:UARTCharPut)
                  000026d6    00000006     main.obj (.text:SysCtlDelay)
                  000026dc    00000006     driverlib.lib : uart.obj (.text:UARTClockSourceSet)
                  000026e2    00000004                   : cpu.obj (.text:CPUwfi)
                  000026e6    00000004     rtsv7M4_T_le_v4SPD16_eabi.lib : pre_init.c.obj (.text:_system_pre_init)
                  000026ea    00000004                                   : exit.c.obj (.text:abort:abort)
                  000026ee    00000002                                   : div0.asm.obj (.text)

.const     0    000026f0    000005b8     
                  000026f0    000001b0     main.obj (.const:g_pppui32XTALtoVCO)
                  000028a0    000000d8     main.obj (.const:g_ppui32GPIOIntMapSnowflake)
                  00002978    000000c0     main.obj (.const:g_ppui32GPIOIntMapBlizzard)
                  00002a38    0000009c     driverlib.lib : interrupt.obj (.const:g_pui32Regs)
                  00002ad4    00000090     main.obj (.const:g_pui32GPIOBaseAddrs)
                  00002b64    00000070     driverlib.lib : interrupt.obj (.const)
                  00002bd4    0000006c     main.obj (.const:g_pui32Xtals)
                  00002c40    00000030     main.obj (.const:g_sXTALtoMEMTIM)
                  00002c70    00000012     uartstdio.obj (.const:.string)
                  00002c82    00000002     --HOLE-- [fill = 0]
                  00002c84    0000000c     uartstdio.obj (.const:g_ui32UARTBase)
                  00002c90    0000000c     uartstdio.obj (.const:g_ui32UARTPeriph)
                  00002c9c    00000008     main.obj (.const:g_pui32VCOFrequencies)
                  00002ca4    00000004     uartstdio.obj (.const)

.cinit     0    00002ca8    00000030     
                  00002ca8    0000000c     (__TI_handler_table)
                  00002cb4    00000004     --HOLE-- [fill = 0]
                  00002cb8    00000008     (.cinit..vtable.load) [load image, compression = zero_init]
                  00002cc0    00000007     (.cinit..data.load) [load image, compression = lzss]
                  00002cc7    00000001     --HOLE-- [fill = 0]
                  00002cc8    00000010     (__TI_cinit_table)

.init_array 
*          0    00000000    00000000     UNINITIALIZED

.vtable    0    20000000    0000026c     UNINITIALIZED
                  20000000    0000026c     driverlib.lib : interrupt.obj (.vtable)

.data      0    20000470    00000006     UNINITIALIZED
                  20000470    00000005     uartstdio.obj (.data)
                  20000475    00000001     main.obj (.data)

.stack     0    20000270    00000200     UNINITIALIZED
                  20000270    00000004     rtsv7M4_T_le_v4SPD16_eabi.lib : boot_cortex_m.c.obj (.stack)
                  20000274    000001fc     --HOLE--

__llvm_prf_cnts 
*          0    20000000    00000000     UNINITIALIZED

MODULE SUMMARY

       Module                         code   ro data   rw data
       ------                         ----   -------   -------
    .\src\
       main.obj                       7190   1148      1      
       uartstdio.obj                  1180   46        5      
       tm4c123gh6pm_startup_ccs.obj   12     620       0      
    +--+------------------------------+------+---------+---------+
       Total:                         8382   1814      6      
                                                              
    C:/ti/TivaWare_C_Series-2.1.4.178/driverlib/ccs/Debug/driverlib.lib
       interrupt.obj                  318    268       620    
       uart.obj                       148    0         0      
       cpu.obj                        4      0         0      
    +--+------------------------------+------+---------+---------+
       Total:                         470    268       620    
                                                              
    C:\ti\ccs1000\ccs\tools\compiler\ti-cgt-arm_20.2.0.LTS\lib\rtsv7M4_T_le_v4SPD16_eabi.lib
       memcpy_t2.asm.obj              156    0         0      
       copy_decompress_lzss.c.obj     104    0         0      
       autoinit.c.obj                 68     0         0      
       u_divt2.asm.obj                64     0         0      
       boot_cortex_m.c.obj            52     0         0      
       copy_zero_init.c.obj           28     0         0      
       copy_decompress_none.c.obj     14     0         0      
       exit.c.obj                     4      0         0      
       pre_init.c.obj                 4      0         0      
       div0.asm.obj                   2      0         0      
    +--+------------------------------+------+---------+---------+
       Total:                         496    0         0      
                                                              
       Stack:                         0      0         512    
       Linker Generated:              0      43        0      
    +--+------------------------------+------+---------+---------+
       Grand Total:                   9348   2125      1138   


LINKER GENERATED COPY TABLES

__TI_cinit_table @ 00002cc8 records: 2, size/record: 8, table size: 16
	.vtable: load addr=00002cb8, load size=00000008 bytes, run addr=20000000, run size=0000026c bytes, compression=zero_init
	.data: load addr=00002cc0, load size=00000007 bytes, run addr=20000470, run size=00000006 bytes, compression=lzss


LINKER GENERATED HANDLER TABLE

__TI_handler_table @ 00002ca8 records: 3, size/record: 4, table size: 12
	index: 0, handler: __TI_zero_init
	index: 1, handler: __TI_decompress_lzss
	index: 2, handler: __TI_decompress_none


GLOBAL SYMBOLS: SORTED ALPHABETICALLY BY Name 

address   name                            
-------   ----                            
000026eb  C$$EXIT                         
000026e3  CPUwfi                          
00001d51  GPIOADCTriggerDisable           
00001d33  GPIOADCTriggerEnable            
00001d15  GPIODMATriggerDisable           
00001cf7  GPIODMATriggerEnable            
00001285  GPIODirModeGet                  
00001229  GPIODirModeSet                  
00001807  GPIOIntClear                    
000017cb  GPIOIntDisable                  
000017b1  GPIOIntEnable                   
0000181b  GPIOIntRegister                 
00001853  GPIOIntRegisterPin              
000017e5  GPIOIntStatus                   
0000138d  GPIOIntTypeGet                  
000012e1  GPIOIntTypeSet                  
00001839  GPIOIntUnregister               
00001881  GPIOIntUnregisterPin            
0000165f  GPIOPadConfigGet                
00001425  GPIOPadConfigSet                
00001c99  GPIOPinConfigure                
000018a5  GPIOPinRead                     
000018dd  GPIOPinTypeADC                  
00001901  GPIOPinTypeCAN                  
00001925  GPIOPinTypeComparator           
00001949  GPIOPinTypeComparatorOutput     
0000196d  GPIOPinTypeDIVSCLK              
00001991  GPIOPinTypeEPI                  
000019b5  GPIOPinTypeEthernetLED          
000019d9  GPIOPinTypeEthernetMII          
000019fd  GPIOPinTypeGPIOInput            
00001a21  GPIOPinTypeGPIOOutput           
00001a45  GPIOPinTypeGPIOOutputOD         
00001a69  GPIOPinTypeHibernateRTCCLK      
00001a8d  GPIOPinTypeI2C                  
00001ab1  GPIOPinTypeI2CSCL               
00001ad5  GPIOPinTypeLCD                  
00001af9  GPIOPinTypeOneWire              
00001b1d  GPIOPinTypePWM                  
00001b41  GPIOPinTypeQEI                  
00001b65  GPIOPinTypeSSI                  
00001b89  GPIOPinTypeTimer                
00001bad  GPIOPinTypeTrace                
00001bd1  GPIOPinTypeUART                 
00001bf5  GPIOPinTypeUSBAnalog            
00001c19  GPIOPinTypeUSBDigital           
00001c3d  GPIOPinTypeWakeHigh             
00001c63  GPIOPinTypeWakeLow              
00001c89  GPIOPinWakeStatus               
000018bd  GPIOPinWrite                    
000023b5  IntDisable                      
0000241d  IntEnable                       
00002621  IntPrioritySet                  
000025b9  IntRegister                     
00002681  IntUnregister                   
000026b7  ResetISR                        
000011a9  SysCtlAltClkConfig              
000008d1  SysCtlClockFreqSet              
00000d99  SysCtlClockGet                  
0000118d  SysCtlClockOutConfig            
00000bc9  SysCtlClockSet                  
000007d5  SysCtlDeepSleep                 
00000f5d  SysCtlDeepSleepClockConfigSet   
00000f3f  SysCtlDeepSleepClockSet         
000007b5  SysCtlDeepSleepPowerSet         
000026d7  SysCtlDelay                     
00000363  SysCtlFlashSectorSizeGet        
00000337  SysCtlFlashSizeGet              
00001033  SysCtlGPIOAHBDisable            
00001017  SysCtlGPIOAHBEnable             
00000749  SysCtlIntClear                  
00000731  SysCtlIntDisable                
0000071d  SysCtlIntEnable                 
000006f5  SysCtlIntRegister               
00000759  SysCtlIntStatus                 
0000070d  SysCtlIntUnregister             
0000079b  SysCtlLDODeepSleepGet           
0000078b  SysCtlLDODeepSleepSet           
00000785  SysCtlLDOSleepGet               
00000775  SysCtlLDOSleepSet               
0000080b  SysCtlMOSCConfigSet             
00001171  SysCtlNMIClear                  
0000115d  SysCtlNMIStatus                 
00000821  SysCtlPIOSCCalibrate            
00001001  SysCtlPWMClockGet               
00000fe7  SysCtlPWMClockSet               
000006a1  SysCtlPeripheralClockGating     
00000659  SysCtlPeripheralDeepSleepDisable
00000609  SysCtlPeripheralDeepSleepEnable 
00000545  SysCtlPeripheralDisable         
00000509  SysCtlPeripheralEnable          
00000445  SysCtlPeripheralPowerOff        
00000409  SysCtlPeripheralPowerOn         
00000389  SysCtlPeripheralPresent         
000003c9  SysCtlPeripheralReady           
00000481  SysCtlPeripheralReset           
000005cd  SysCtlPeripheralSleepDisable    
00000589  SysCtlPeripheralSleepEnable     
000007c5  SysCtlReset                     
00000881  SysCtlResetBehaviorGet          
00000871  SysCtlResetBehaviorSet          
000007f7  SysCtlResetCauseClear           
000007f1  SysCtlResetCauseGet             
0000032d  SysCtlSRAMSizeGet               
000007cd  SysCtlSleep                     
000007a1  SysCtlSleepPowerSet             
0000105b  SysCtlUSBPLLDisable             
0000104f  SysCtlUSBPLLEnable              
000010a1  SysCtlVCOGet                    
00001089  SysCtlVoltageEventClear         
0000106d  SysCtlVoltageEventConfig        
0000107d  SysCtlVoltageEventStatus        
000026c3  UARTCharGet                     
000026cd  UARTCharPut                     
000026dd  UARTClockSourceSet              
000024ed  UARTConfigSetExpClk             
00002645  UARTDisable                     
00002695  UARTEnable                      
00001e7d  UARTStdioConfig                 
00001fc3  UARTgetc                        
00001f09  UARTgets                        
000022e3  UARTprintf                      
00001fe9  UARTvprintf                     
00001ec3  UARTwrite                       
20000470  __STACK_END                     
00000200  __STACK_SIZE                    
20000470  __STACK_TOP                     
00002cc8  __TI_CINIT_Base                 
00002cd8  __TI_CINIT_Limit                
00002ca8  __TI_Handler_Table_Base         
00002cb4  __TI_Handler_Table_Limit        
00002535  __TI_auto_init_nobinit_nopinit  
00002485  __TI_decompress_lzss            
000026a9  __TI_decompress_none            
ffffffff  __TI_pprof_out_hndl             
ffffffff  __TI_prof_data_size             
ffffffff  __TI_prof_data_start            
00000000  __TI_static_base__              
00002665  __TI_zero_init_nomemset         
000026ef  __aeabi_idiv0                   
000026ef  __aeabi_ldiv0                   
00002319  __aeabi_memcpy                  
00002319  __aeabi_memcpy4                 
00002319  __aeabi_memcpy8                 
00002579  __aeabi_uidiv                   
00002579  __aeabi_uidivmod                
ffffffff  __binit__                       
ffffffff  __c_args__                      
UNDEFED   __mpu_init                      
20000270  __stack                         
20000000  __start___llvm_prf_cnts         
20000000  __stop___llvm_prf_cnts          
000025ed  _c_int00_noargs                 
UNDEFED   _system_post_cinit              
000026e7  _system_pre_init                
000026eb  abort                           
ffffffff  binit                           
00001d6f  configure_UART                  
20000000  g_pfnRAMVectors                 
00000000  g_pfnVectors                    
00001dd7  main                            
00002319  memcpy                          
00001dab  on_button_down                  


GLOBAL SYMBOLS: SORTED BY Symbol Address 

address   name                            
-------   ----                            
00000000  __TI_static_base__              
00000000  g_pfnVectors                    
00000200  __STACK_SIZE                    
0000032d  SysCtlSRAMSizeGet               
00000337  SysCtlFlashSizeGet              
00000363  SysCtlFlashSectorSizeGet        
00000389  SysCtlPeripheralPresent         
000003c9  SysCtlPeripheralReady           
00000409  SysCtlPeripheralPowerOn         
00000445  SysCtlPeripheralPowerOff        
00000481  SysCtlPeripheralReset           
00000509  SysCtlPeripheralEnable          
00000545  SysCtlPeripheralDisable         
00000589  SysCtlPeripheralSleepEnable     
000005cd  SysCtlPeripheralSleepDisable    
00000609  SysCtlPeripheralDeepSleepEnable 
00000659  SysCtlPeripheralDeepSleepDisable
000006a1  SysCtlPeripheralClockGating     
000006f5  SysCtlIntRegister               
0000070d  SysCtlIntUnregister             
0000071d  SysCtlIntEnable                 
00000731  SysCtlIntDisable                
00000749  SysCtlIntClear                  
00000759  SysCtlIntStatus                 
00000775  SysCtlLDOSleepSet               
00000785  SysCtlLDOSleepGet               
0000078b  SysCtlLDODeepSleepSet           
0000079b  SysCtlLDODeepSleepGet           
000007a1  SysCtlSleepPowerSet             
000007b5  SysCtlDeepSleepPowerSet         
000007c5  SysCtlReset                     
000007cd  SysCtlSleep                     
000007d5  SysCtlDeepSleep                 
000007f1  SysCtlResetCauseGet             
000007f7  SysCtlResetCauseClear           
0000080b  SysCtlMOSCConfigSet             
00000821  SysCtlPIOSCCalibrate            
00000871  SysCtlResetBehaviorSet          
00000881  SysCtlResetBehaviorGet          
000008d1  SysCtlClockFreqSet              
00000bc9  SysCtlClockSet                  
00000d99  SysCtlClockGet                  
00000f3f  SysCtlDeepSleepClockSet         
00000f5d  SysCtlDeepSleepClockConfigSet   
00000fe7  SysCtlPWMClockSet               
00001001  SysCtlPWMClockGet               
00001017  SysCtlGPIOAHBEnable             
00001033  SysCtlGPIOAHBDisable            
0000104f  SysCtlUSBPLLEnable              
0000105b  SysCtlUSBPLLDisable             
0000106d  SysCtlVoltageEventConfig        
0000107d  SysCtlVoltageEventStatus        
00001089  SysCtlVoltageEventClear         
000010a1  SysCtlVCOGet                    
0000115d  SysCtlNMIStatus                 
00001171  SysCtlNMIClear                  
0000118d  SysCtlClockOutConfig            
000011a9  SysCtlAltClkConfig              
00001229  GPIODirModeSet                  
00001285  GPIODirModeGet                  
000012e1  GPIOIntTypeSet                  
0000138d  GPIOIntTypeGet                  
00001425  GPIOPadConfigSet                
0000165f  GPIOPadConfigGet                
000017b1  GPIOIntEnable                   
000017cb  GPIOIntDisable                  
000017e5  GPIOIntStatus                   
00001807  GPIOIntClear                    
0000181b  GPIOIntRegister                 
00001839  GPIOIntUnregister               
00001853  GPIOIntRegisterPin              
00001881  GPIOIntUnregisterPin            
000018a5  GPIOPinRead                     
000018bd  GPIOPinWrite                    
000018dd  GPIOPinTypeADC                  
00001901  GPIOPinTypeCAN                  
00001925  GPIOPinTypeComparator           
00001949  GPIOPinTypeComparatorOutput     
0000196d  GPIOPinTypeDIVSCLK              
00001991  GPIOPinTypeEPI                  
000019b5  GPIOPinTypeEthernetLED          
000019d9  GPIOPinTypeEthernetMII          
000019fd  GPIOPinTypeGPIOInput            
00001a21  GPIOPinTypeGPIOOutput           
00001a45  GPIOPinTypeGPIOOutputOD         
00001a69  GPIOPinTypeHibernateRTCCLK      
00001a8d  GPIOPinTypeI2C                  
00001ab1  GPIOPinTypeI2CSCL               
00001ad5  GPIOPinTypeLCD                  
00001af9  GPIOPinTypeOneWire              
00001b1d  GPIOPinTypePWM                  
00001b41  GPIOPinTypeQEI                  
00001b65  GPIOPinTypeSSI                  
00001b89  GPIOPinTypeTimer                
00001bad  GPIOPinTypeTrace                
00001bd1  GPIOPinTypeUART                 
00001bf5  GPIOPinTypeUSBAnalog            
00001c19  GPIOPinTypeUSBDigital           
00001c3d  GPIOPinTypeWakeHigh             
00001c63  GPIOPinTypeWakeLow              
00001c89  GPIOPinWakeStatus               
00001c99  GPIOPinConfigure                
00001cf7  GPIODMATriggerEnable            
00001d15  GPIODMATriggerDisable           
00001d33  GPIOADCTriggerEnable            
00001d51  GPIOADCTriggerDisable           
00001d6f  configure_UART                  
00001dab  on_button_down                  
00001dd7  main                            
00001e7d  UARTStdioConfig                 
00001ec3  UARTwrite                       
00001f09  UARTgets                        
00001fc3  UARTgetc                        
00001fe9  UARTvprintf                     
000022e3  UARTprintf                      
00002319  __aeabi_memcpy                  
00002319  __aeabi_memcpy4                 
00002319  __aeabi_memcpy8                 
00002319  memcpy                          
000023b5  IntDisable                      
0000241d  IntEnable                       
00002485  __TI_decompress_lzss            
000024ed  UARTConfigSetExpClk             
00002535  __TI_auto_init_nobinit_nopinit  
00002579  __aeabi_uidiv                   
00002579  __aeabi_uidivmod                
000025b9  IntRegister                     
000025ed  _c_int00_noargs                 
00002621  IntPrioritySet                  
00002645  UARTDisable                     
00002665  __TI_zero_init_nomemset         
00002681  IntUnregister                   
00002695  UARTEnable                      
000026a9  __TI_decompress_none            
000026b7  ResetISR                        
000026c3  UARTCharGet                     
000026cd  UARTCharPut                     
000026d7  SysCtlDelay                     
000026dd  UARTClockSourceSet              
000026e3  CPUwfi                          
000026e7  _system_pre_init                
000026eb  C$$EXIT                         
000026eb  abort                           
000026ef  __aeabi_idiv0                   
000026ef  __aeabi_ldiv0                   
00002ca8  __TI_Handler_Table_Base         
00002cb4  __TI_Handler_Table_Limit        
00002cc8  __TI_CINIT_Base                 
00002cd8  __TI_CINIT_Limit                
20000000  __start___llvm_prf_cnts         
20000000  __stop___llvm_prf_cnts          
20000000  g_pfnRAMVectors                 
20000270  __stack                         
20000470  __STACK_END                     
20000470  __STACK_TOP                     
ffffffff  __TI_pprof_out_hndl             
ffffffff  __TI_prof_data_size             
ffffffff  __TI_prof_data_start            
ffffffff  __binit__                       
ffffffff  __c_args__                      
ffffffff  binit                           
UNDEFED   __mpu_init                      
UNDEFED   _system_post_cinit              

[163 symbols]
